ARM Linker, 5.02 [Build 28] [MDK-ARM Lite]

==============================================================================

Section Cross References

    startup_stm32f10x_hd.o(STACK) refers (Special) to heapauxi.o(.text) for __use_two_region_memory
    startup_stm32f10x_hd.o(HEAP) refers (Special) to heapauxi.o(.text) for __use_two_region_memory
    startup_stm32f10x_hd.o(RESET) refers (Special) to heapauxi.o(.text) for __use_two_region_memory
    startup_stm32f10x_hd.o(RESET) refers to startup_stm32f10x_hd.o(STACK) for __initial_sp
    startup_stm32f10x_hd.o(RESET) refers to startup_stm32f10x_hd.o(.text) for Reset_Handler
    startup_stm32f10x_hd.o(RESET) refers to stm32f10x_it.o(.text) for NMI_Handler
    startup_stm32f10x_hd.o(RESET) refers to timer.o(.text) for TIM4_IRQHandler
    startup_stm32f10x_hd.o(RESET) refers to usart.o(.text) for USART1_IRQHandler
    startup_stm32f10x_hd.o(RESET) refers to usart3.o(.text) for USART3_IRQHandler
    startup_stm32f10x_hd.o(.text) refers (Special) to heapauxi.o(.text) for __use_two_region_memory
    startup_stm32f10x_hd.o(.text) refers to system_stm32f10x.o(.text) for SystemInit
    startup_stm32f10x_hd.o(.text) refers to __main.o(!!!main) for __main
    startup_stm32f10x_hd.o(.text) refers to startup_stm32f10x_hd.o(HEAP) for Heap_Mem
    startup_stm32f10x_hd.o(.text) refers to startup_stm32f10x_hd.o(STACK) for Stack_Mem
    main.o(.text) refers to dl_ln3x_recv.o(.text) for getNextPkg
    main.o(.text) refers to dl_ln3x_send.o(.text) for sendPkg
    main.o(.text) refers to delay.o(.text) for delay_ms
    main.o(.text) refers to misc.o(.text) for NVIC_PriorityGroupConfig
    main.o(.text) refers to usart.o(.text) for uart_init
    main.o(.text) refers to usart3.o(.text) for usart3_init
    main.o(.text) refers to led.o(.text) for LED_Init
    main.o(.text) refers to main.o(.data) for .data
    main.o(.text) refers to usart3.o(.data) for USART3_RX_STA
    main.o(.text) refers to usart3.o(.bss) for USART3_RX_BUF
    system_stm32f10x.o(.text) refers to system_stm32f10x.o(.data) for .data
    usart.o(.text) refers (Special) to use_no_semi_2.o(.text) for __use_no_semihosting
    usart.o(.text) refers to stm32f10x_rcc.o(.text) for RCC_APB2PeriphClockCmd
    usart.o(.text) refers to stm32f10x_gpio.o(.text) for GPIO_Init
    usart.o(.text) refers to misc.o(.text) for NVIC_Init
    usart.o(.text) refers to stm32f10x_usart.o(.text) for USART_Init
    usart.o(.text) refers to usart.o(.data) for .data
    usart.o(.text) refers to usart.o(.bss) for .bss
    usart.o(.bss) refers (Special) to use_no_semi_2.o(.text) for __use_no_semihosting
    usart.o(.data) refers (Special) to use_no_semi_2.o(.text) for __use_no_semihosting
    usart.o(.data) refers (Special) to use_no_semi_2.o(.text) for __use_no_semihosting
    delay.o(.text) refers to misc.o(.text) for SysTick_CLKSourceConfig
    delay.o(.text) refers to system_stm32f10x.o(.data) for SystemCoreClock
    delay.o(.text) refers to delay.o(.data) for .data
    dl_ln3x_recv.o(.text) refers to dl_ln3x_recv.o(.bss) for .bss
    dl_ln3x_recv.o(.text) refers to dl_ln3x_recv.o(.data) for .data
    dl_ln3x_send.o(.text) refers to dl_ln3x_send.o(.data) for .data
    dl_ln3x_send.o(.text) refers to dl_ln3x_send.o(.bss) for .bss
    dht11.o(.text) refers to delay.o(.text) for delay_ms
    dht11.o(.text) refers to stm32f10x_rcc.o(.text) for RCC_APB2PeriphClockCmd
    dht11.o(.text) refers to stm32f10x_gpio.o(.text) for GPIO_Init
    key.o(.text) refers to stm32f10x_rcc.o(.text) for RCC_APB2PeriphClockCmd
    key.o(.text) refers to stm32f10x_gpio.o(.text) for GPIO_PinRemapConfig
    key.o(.text) refers to delay.o(.text) for delay_ms
    key.o(.text) refers to key.o(.data) for .data
    timer.o(.text) refers to stm32f10x_tim.o(.text) for TIM_GetITStatus
    timer.o(.text) refers to stm32f10x_rcc.o(.text) for RCC_APB1PeriphClockCmd
    timer.o(.text) refers to misc.o(.text) for NVIC_Init
    timer.o(.text) refers to usart3.o(.data) for USART3_RX_STA
    usart3.o(.text) refers to stm32f10x_usart.o(.text) for USART_GetITStatus
    usart3.o(.text) refers to stm32f10x_tim.o(.text) for TIM_SetCounter
    usart3.o(.text) refers to stm32f10x_rcc.o(.text) for RCC_APB2PeriphClockCmd
    usart3.o(.text) refers to stm32f10x_gpio.o(.text) for GPIO_Init
    usart3.o(.text) refers to misc.o(.text) for NVIC_Init
    usart3.o(.text) refers to timer.o(.text) for TIM4_Int_Init
    usart3.o(.text) refers to c89vsprintf.o(.text) for __c89vsprintf
    usart3.o(.text) refers to strlen.o(.text) for strlen
    usart3.o(.text) refers to usart3.o(.data) for .data
    usart3.o(.text) refers to usart3.o(.bss) for .bss
    stm32f10x_adc.o(.text) refers to stm32f10x_rcc.o(.text) for RCC_APB2PeriphResetCmd
    stm32f10x_bkp.o(.text) refers to stm32f10x_rcc.o(.text) for RCC_BackupResetCmd
    stm32f10x_can.o(.text) refers to stm32f10x_rcc.o(.text) for RCC_APB1PeriphResetCmd
    stm32f10x_cec.o(.text) refers to stm32f10x_rcc.o(.text) for RCC_APB1PeriphResetCmd
[...]
    STM32F10x_FWLib\src\stm32f10x_rtc.c      0x00000000   Number         0  stm32f10x_rtc.o ABSOLUTE
    STM32F10x_FWLib\src\stm32f10x_sdio.c     0x00000000   Number         0  stm32f10x_sdio.o ABSOLUTE
    STM32F10x_FWLib\src\stm32f10x_spi.c      0x00000000   Number         0  stm32f10x_spi.o ABSOLUTE
    STM32F10x_FWLib\src\stm32f10x_tim.c      0x00000000   Number         0  stm32f10x_tim.o ABSOLUTE
    STM32F10x_FWLib\src\stm32f10x_usart.c    0x00000000   Number         0  stm32f10x_usart.o ABSOLUTE
    STM32F10x_FWLib\src\stm32f10x_wwdg.c     0x00000000   Number         0  stm32f10x_wwdg.o ABSOLUTE
    SYSTEM\\sys\\sys.c                       0x00000000   Number         0  sys.o ABSOLUTE
    SYSTEM\delay\delay.c                     0x00000000   Number         0  delay.o ABSOLUTE
    SYSTEM\sys\sys.c                         0x00000000   Number         0  sys.o ABSOLUTE
    SYSTEM\usart\usart.c                     0x00000000   Number         0  usart.o ABSOLUTE
    USER\main.c                              0x00000000   Number         0  main.o ABSOLUTE
    USER\stm32f10x_it.c                      0x00000000   Number         0  stm32f10x_it.o ABSOLUTE
    USER\system_stm32f10x.c                  0x00000000   Number         0  system_stm32f10x.o ABSOLUTE
    dc.s                                     0x00000000   Number         0  dc.o ABSOLUTE
    RESET                                    0x08000000   Section      304  startup_stm32f10x_hd.o(RESET)
    !!!main                                  0x08000130   Section        8  __main.o(!!!main)
    !!!scatter                               0x08000138   Section       52  __scatter.o(!!!scatter)
    !!handler_copy                           0x0800016c   Section       26  __scatter_copy.o(!!handler_copy)
    !!handler_zi                             0x08000188   Section       28  __scatter_zi.o(!!handler_zi)
    .ARM.Collect$$_printf_percent$$00000000  0x080001a4   Section        0  _printf_percent.o(.ARM.Collect$$_printf_percent$$00000000)
    .ARM.Collect$$_printf_percent$$00000001  0x080001a4   Section        6  _printf_n.o(.ARM.Collect$$_printf_percent$$00000001)
    .ARM.Collect$$_printf_percent$$00000002  0x080001aa   Section        6  _printf_p.o(.ARM.Collect$$_printf_percent$$00000002)
    .ARM.Collect$$_printf_percent$$00000003  0x080001b0   Section        6  _printf_f.o(.ARM.Collect$$_printf_percent$$00000003)
    .ARM.Collect$$_printf_percent$$00000004  0x080001b6   Section        6  _printf_e.o(.ARM.Collect$$_printf_percent$$00000004)
    .ARM.Collect$$_printf_percent$$00000005  0x080001bc   Section        6  _printf_g.o(.ARM.Collect$$_printf_percent$$00000005)
    .ARM.Collect$$_printf_percent$$00000006  0x080001c2   Section        6  _printf_a.o(.ARM.Collect$$_printf_percent$$00000006)
    .ARM.Collect$$_printf_percent$$00000007  0x080001c8   Section       10  _printf_ll.o(.ARM.Collect$$_printf_percent$$00000007)
    .ARM.Collect$$_printf_percent$$00000008  0x080001d2   Section        6  _printf_i.o(.ARM.Collect$$_printf_percent$$00000008)
    .ARM.Collect$$_printf_percent$$00000009  0x080001d8   Section        6  _printf_d.o(.ARM.Collect$$_printf_percent$$00000009)
    .ARM.Collect$$_printf_percent$$0000000A  0x080001de   Section        6  _printf_u.o(.ARM.Collect$$_printf_percent$$0000000A)
    .ARM.Collect$$_printf_percent$$0000000B  0x080001e4   Section        6  _printf_o.o(.ARM.Collect$$_printf_percent$$0000000B)
    .ARM.Collect$$_printf_percent$$0000000C  0x080001ea   Section        6  _printf_x.o(.ARM.Collect$$_printf_percent$$0000000C)
    .ARM.Collect$$_printf_percent$$0000000D  0x080001f0   Section        6  _printf_lli.o(.ARM.Collect$$_printf_percent$$0000000D)
    .ARM.Collect$$_printf_percent$$0000000E  0x080001f6   Section        6  _printf_lld.o(.ARM.Collect$$_printf_percent$$0000000E)
    .ARM.Collect$$_printf_percent$$0000000F  0x080001fc   Section        6  _printf_llu.o(.ARM.Collect$$_printf_percent$$0000000F)
    .ARM.Collect$$_printf_percent$$00000010  0x08000202   Section        6  _printf_llo.o(.ARM.Collect$$_printf_percent$$00000010)
    .ARM.Collect$$_printf_percent$$00000011  0x08000208   Section        6  _printf_llx.o(.ARM.Collect$$_printf_percent$$00000011)
    .ARM.Collect$$_printf_percent$$00000012  0x0800020e   Section       10  _printf_l.o(.ARM.Collect$$_printf_percent$$00000012)
    .ARM.Collect$$_printf_percent$$00000013  0x08000218   Section        6  _printf_c.o(.ARM.Collect$$_printf_percent$$00000013)
    .ARM.Collect$$_printf_percent$$00000014  0x0800021e   Section        6  _printf_s.o(.ARM.Collect$$_printf_percent$$00000014)
    .ARM.Collect$$_printf_percent$$00000015  0x08000224   Section        6  _printf_lc.o(.ARM.Collect$$_printf_percent$$00000015)
    .ARM.Collect$$_printf_percent$$00000016  0x0800022a   Section        6  _printf_ls.o(.ARM.Collect$$_printf_percent$$00000016)
    .ARM.Collect$$_printf_percent$$00000017  0x08000230   Section        4  _printf_percent_end.o(.ARM.Collect$$_printf_percent$$00000017)
    .ARM.Collect$$libinit$$00000000          0x08000234   Section        2  libinit.o(.ARM.Collect$$libinit$$00000000)
    .ARM.Collect$$libinit$$00000002          0x08000236   Section        0  libinit2.o(.ARM.Collect$$libinit$$00000002)
    .ARM.Collect$$libinit$$00000008          0x08000236   Section        0  libinit2.o(.ARM.Collect$$libinit$$00000008)
    .ARM.Collect$$libinit$$0000000A          0x08000236   Section        0  libinit2.o(.ARM.Collect$$libinit$$0000000A)
    .ARM.Collect$$libinit$$0000000C          0x08000236   Section        0  libinit2.o(.ARM.Collect$$libinit$$0000000C)
    .ARM.Collect$$libinit$$0000000D          0x08000236   Section        6  libinit2.o(.ARM.Collect$$libinit$$0000000D)
    .ARM.Collect$$libinit$$0000000F          0x0800023c   Section        0  libinit2.o(.ARM.Collect$$libinit$$0000000F)
    .ARM.Collect$$libinit$$00000010          0x0800023c   Section       12  libinit2.o(.ARM.Collect$$libinit$$00000010)
    .ARM.Collect$$libinit$$00000011          0x08000248   Section        0  libinit2.o(.ARM.Collect$$libinit$$00000011)
    .ARM.Collect$$libinit$$00000013          0x08000248   Section        0  libinit2.o(.ARM.Collect$$libinit$$00000013)
    .ARM.Collect$$libinit$$00000014          0x08000248   Section       10  libinit2.o(.ARM.Collect$$libinit$$00000014)
    .ARM.Collect$$libinit$$00000015          0x08000252   Section        0  libinit2.o(.ARM.Collect$$libinit$$00000015)
    .ARM.Collect$$libinit$$00000017          0x08000252   Section        0  libinit2.o(.ARM.Collect$$libinit$$00000017)
    .ARM.Collect$$libinit$$00000019          0x08000252   Section        0  libinit2.o(.ARM.Collect$$libinit$$00000019)
    .ARM.Collect$$libinit$$0000001B          0x08000252   Section        0  libinit2.o(.ARM.Collect$$libinit$$0000001B)
    .ARM.Collect$$libinit$$0000001D          0x08000252   Section        0  libinit2.o(.ARM.Collect$$libinit$$0000001D)
    .ARM.Collect$$libinit$$0000001F          0x08000252   Section        0  libinit2.o(.ARM.Collect$$libinit$$0000001F)
    .ARM.Collect$$libinit$$00000021          0x08000252   Section        0  libinit2.o(.ARM.Collect$$libinit$$00000021)
    .ARM.Collect$$libinit$$00000023          0x08000252   Section        0  libinit2.o(.ARM.Collect$$libinit$$00000023)
    .ARM.Collect$$libinit$$0000002A          0x08000252   Section        0  libinit2.o(.ARM.Collect$$libinit$$0000002A)
    .ARM.Collect$$libinit$$0000002C          0x08000252   Section        0  libinit2.o(.ARM.Collect$$libinit$$0000002C)
    .ARM.Collect$$libinit$$0000002E          0x08000252   Section        0  libinit2.o(.ARM.Collect$$libinit$$0000002E)
    .ARM.Collect$$libinit$$00000030          0x08000252   Section        0  libinit2.o(.ARM.Collect$$libinit$$00000030)
    .ARM.Collect$$libinit$$00000031          0x08000252   Section        2  libinit2.o(.ARM.Collect$$libinit$$00000031)
    .ARM.Collect$$libshutdown$$00000000      0x08000254   Section        2  libshutdown.o(.ARM.Collect$$libshutdown$$00000000)
    .ARM.Collect$$libshutdown$$00000003      0x08000256   Section        0  libshutdown2.o(.ARM.Collect$$libshutdown$$00000003)
    .ARM.Collect$$libshutdown$$00000006      0x08000256   Section        0  libshutdown2.o(.ARM.Collect$$libshutdown$$00000006)
    .ARM.Collect$$libshutdown$$00000009      0x08000256   Section        0  libshutdown2.o(.ARM.Collect$$libshutdown$$00000009)
    .ARM.Collect$$libshutdown$$0000000B      0x08000256   Section        0  libshutdown2.o(.ARM.Collect$$libshutdown$$0000000B)
    .ARM.Collect$$libshutdown$$0000000E      0x08000256   Section        0  libshutdown2.o(.ARM.Collect$$libshutdown$$0000000E)
    .ARM.Collect$$libshutdown$$0000000F      0x08000256   Section        2  libshutdown2.o(.ARM.Collect$$libshutdown$$0000000F)
    .ARM.Collect$$rtentry$$00000000          0x08000258   Section        0  rtentry.o(.ARM.Collect$$rtentry$$00000000)
    .ARM.Collect$$rtentry$$00000002          0x08000258   Section        0  rtentry2.o(.ARM.Collect$$rtentry$$00000002)
    .ARM.Collect$$rtentry$$00000004          0x08000258   Section        6  rtentry4.o(.ARM.Collect$$rtentry$$00000004)
    .ARM.Collect$$rtentry$$00000009          0x0800025e   Section        0  rtentry2.o(.ARM.Collect$$rtentry$$00000009)
    .ARM.Collect$$rtentry$$0000000A          0x0800025e   Section        4  rtentry2.o(.ARM.Collect$$rtentry$$0000000A)
    .ARM.Collect$$rtentry$$0000000C          0x08000262   Section        0  rtentry2.o(.ARM.Collect$$rtentry$$0000000C)
    .ARM.Collect$$rtentry$$0000000D          0x08000262   Section        8  rtentry2.o(.ARM.Collect$$rtentry$$0000000D)
    .ARM.Collect$$rtexit$$00000000           0x0800026a   Section        2  rtexit.o(.ARM.Collect$$rtexit$$00000000)
    .ARM.Collect$$rtexit$$00000002           0x0800026c   Section        0  rtexit2.o(.ARM.Collect$$rtexit$$00000002)
    .ARM.Collect$$rtexit$$00000003           0x0800026c   Section        4  rtexit2.o(.ARM.Collect$$rtexit$$00000003)
    .ARM.Collect$$rtexit$$00000004           0x08000270   Section        6  rtexit2.o(.ARM.Collect$$rtexit$$00000004)
    .text                                    0x08000278   Section       64  startup_stm32f10x_hd.o(.text)
    .text                                    0x080002b8   Section        0  main.o(.text)
    .text                                    0x080003b0   Section        0  stm32f10x_it.o(.text)
    .text                                    0x080003c4   Section        0  system_stm32f10x.o(.text)
    SetSysClockTo72                          0x080003c5   Thumb Code   146  system_stm32f10x.o(.text)
    SetSysClock                              0x08000457   Thumb Code     2  system_stm32f10x.o(.text)
    .text                                    0x08000524   Section        0  usart.o(.text)
    .text                                    0x0800063c   Section        0  delay.o(.text)
    .text                                    0x080006d4   Section        0  dl_ln3x_recv.o(.text)
    recvData                                 0x080006d5   Thumb Code    46  dl_ln3x_recv.o(.text)
    recvHead                                 0x08000703   Thumb Code    24  dl_ln3x_recv.o(.text)
    recvTerminal                             0x0800071b   Thumb Code    56  dl_ln3x_recv.o(.text)
    .text                                    0x080007cc   Section        0  dl_ln3x_send.o(.text)
    .text                                    0x08000864   Section        0  led.o(.text)
    .text                                    0x080008c0   Section        0  timer.o(.text)
    .text                                    0x08000954   Section        0  usart3.o(.text)
    .text                                    0x08000ae0   Section        0  misc.o(.text)
    .text                                    0x08000b98   Section        0  stm32f10x_gpio.o(.text)
    .text                                    0x08000e30   Section        0  stm32f10x_rcc.o(.text)
    .text                                    0x08001120   Section        0  stm32f10x_tim.o(.text)
    TI4_Config                               0x08001589   Thumb Code   102  stm32f10x_tim.o(.text)
    TI3_Config                               0x080015ff   Thumb Code    98  stm32f10x_tim.o(.text)
    TI2_Config                               0x08001679   Thumb Code   102  stm32f10x_tim.o(.text)
    TI1_Config                               0x080016ef   Thumb Code    94  stm32f10x_tim.o(.text)
    .text                                    0x08001d4c   Section        0  stm32f10x_usart.o(.text)
    .text                                    0x080020e8   Section        2  use_no_semi_2.o(.text)
    .text                                    0x080020ec   Section        0  c89vsprintf.o(.text)
    .text                                    0x08002110   Section        0  strlen.o(.text)
    .text                                    0x0800214e   Section        0  heapauxi.o(.text)
    .text                                    0x08002154   Section        2  use_no_semi.o(.text)
    .text                                    0x08002156   Section        0  _printf_pad.o(.text)
    .text                                    0x080021a8   Section        0  _printf_truncate.o(.text)
    .text                                    0x080021cc   Section        0  _printf_str.o(.text)
    .text                                    0x08002220   Section        0  _printf_dec.o(.text)
    .text                                    0x08002298   Section        0  _printf_charcount.o(.text)
    .text                                    0x080022c4   Section        0  _printf_char_common.o(.text)
    _printf_input_char                       0x080022c5   Thumb Code    10  _printf_char_common.o(.text)
    .text                                    0x080022f4   Section        0  _sputc.o(.text)
    .text                                    0x08002300   Section        0  _printf_wctomb.o(.text)
    .text                                    0x080023bc   Section        0  _printf_longlong_dec.o(.text)
    .text                                    0x08002434   Section        0  _printf_oct_int_ll.o(.text)
    _printf_longlong_oct_internal            0x08002435   Thumb Code     0  _printf_oct_int_ll.o(.text)
    .text                                    0x080024ac   Section        0  _printf_hex_int_ll_ptr.o(.text)
    _printf_hex_common                       0x080024ad   Thumb Code     0  _printf_hex_int_ll_ptr.o(.text)
    .text                                    0x08002548   Section        0  __printf_flags_ss_wp.o(.text)
    .text                                    0x080026d4   Section      138  lludiv10.o(.text)
    .text                                    0x0800275e   Section        0  _printf_intcommon.o(.text)
    .text                                    0x08002816   Section        0  _printf_fp_dec.o(.text)
    _fp_digits                               0x08002819   Thumb Code   426  _printf_fp_dec.o(.text)
    .text                                    0x08002c36   Section        0  _printf_char.o(.text)
    .text                                    0x08002c62   Section        0  _printf_wchar.o(.text)
    .text                                    0x08002c8e   Section        0  _wcrtomb.o(.text)
    .text                                    0x08002cce   Section       74  sys_stackheap_outer.o(.text)
    .text                                    0x08002d18   Section       16  rt_ctype_table.o(.text)
    .text                                    0x08002d28   Section        8  rt_locale_intlibspace.o(.text)
    .text                                    0x08002d30   Section        0  _printf_fp_infnan.o(.text)
    .text                                    0x08002db0   Section        0  bigflt0.o(.text)
    .text                                    0x08002e94   Section        0  exit.o(.text)
    .text                                    0x08002ea0   Section        8  libspace.o(.text)
    .text                                    0x08002ea8   Section      128  strcmpv7m.o(.text)
    CL$$btod_d2e                             0x08002f28   Section       62  btod.o(CL$$btod_d2e)
    CL$$btod_d2e_denorm_low                  0x08002f66   Section       70  btod.o(CL$$btod_d2e_denorm_low)
    CL$$btod_d2e_norm_op1                    0x08002fac   Section       96  btod.o(CL$$btod_d2e_norm_op1)
    CL$$btod_div_common                      0x0800300c   Section      824  btod.o(CL$$btod_div_common)
    CL$$btod_e2e                             0x08003344   Section      198  btod.o(CL$$btod_e2e)
    CL$$btod_ediv                            0x0800340a   Section       40  btod.o(CL$$btod_ediv)
    CL$$btod_emul                            0x08003432   Section       40  btod.o(CL$$btod_emul)
    CL$$btod_mult_common                     0x0800345a   Section      580  btod.o(CL$$btod_mult_common)
    i.__ARM_fpclassify                       0x0800369e   Section        0  fpclassify.o(i.__ARM_fpclassify)
    i._is_digit                              0x080036c6   Section        0  __printf_wp.o(i._is_digit)
    locale$$code                             0x080036d4   Section       44  lc_numeric_c.o(locale$$code)
    locale$$code                             0x08003700   Section       44  lc_ctype_c.o(locale$$code)
    x$fpl$printf1                            0x0800372c   Section        4  printf1.o(x$fpl$printf1)
    .constdata                               0x08003730   Section        8  _printf_wctomb.o(.constdata)
    x$fpl$usenofp                            0x08003730   Section        0  usenofp.o(x$fpl$usenofp)
    initial_mbstate                          0x08003730   Data           8  _printf_wctomb.o(.constdata)
    .constdata                               0x08003738   Section       40  _printf_hex_int_ll_ptr.o(.constdata)
    uc_hextab                                0x08003738   Data          20  _printf_hex_int_ll_ptr.o(.constdata)
    lc_hextab                                0x0800374c   Data          20  _printf_hex_int_ll_ptr.o(.constdata)
    .constdata                               0x08003760   Section       17  __printf_flags_ss_wp.o(.constdata)
    maptable                                 0x08003760   Data          17  __printf_flags_ss_wp.o(.constdata)
    .constdata                               0x08003774   Section      148  bigflt0.o(.constdata)
    tenpwrs_x                                0x08003774   Data          60  bigflt0.o(.constdata)
    tenpwrs_i                                0x080037b0   Data          64  bigflt0.o(.constdata)
    locale$$data                             0x08003828   Section       28  lc_numeric_c.o(locale$$data)
    __lcnum_c_name                           0x0800382c   Data           2  lc_numeric_c.o(locale$$data)
    __lcnum_c_start                          0x08003834   Data           0  lc_numeric_c.o(locale$$data)
    __lcnum_c_point                          0x08003840   Data           0  lc_numeric_c.o(locale$$data)
    __lcnum_c_thousands                      0x08003842   Data           0  lc_numeric_c.o(locale$$data)
    __lcnum_c_grouping                       0x08003843   Data           0  lc_numeric_c.o(locale$$data)
    locale$$data                             0x08003844   Section      272  lc_ctype_c.o(locale$$data)
    __lcnum_c_end                            0x08003844   Data           0  lc_numeric_c.o(locale$$data)
    __lcctype_c_name                         0x08003848   Data           2  lc_ctype_c.o(locale$$data)
    __lcctype_c_start                        0x08003850   Data           0  lc_ctype_c.o(locale$$data)
    __lcctype_c_end                          0x08003954   Data           0  lc_ctype_c.o(locale$$data)
    .data                                    0x20000000   Section        6  main.o(.data)
    .data                                    0x20000008   Section       20  system_stm32f10x.o(.data)
    .data                                    0x2000001c   Section        2  usart.o(.data)
    .data                                    0x2000001e   Section        4  delay.o(.data)
    fac_us                                   0x2000001e   Data           1  delay.o(.data)
    fac_ms                                   0x20000020   Data           2  delay.o(.data)
    .data                                    0x20000022   Section        5  dl_ln3x_recv.o(.data)
    escape                                   0x20000022   Data           1  dl_ln3x_recv.o(.data)
    Loading                                  0x20000023   Data           1  dl_ln3x_recv.o(.data)
    Recv_counter                             0x20000024   Data           1  dl_ln3x_recv.o(.data)
    Received                                 0x20000025   Data           1  dl_ln3x_recv.o(.data)
    Locked                                   0x20000026   Data           1  dl_ln3x_recv.o(.data)
    .data                                    0x20000027   Section        1  dl_ln3x_send.o(.data)
    Send_counter                             0x20000027   Data           1  dl_ln3x_send.o(.data)
    .data                                    0x20000028   Section        2  usart3.o(.data)
    .data                                    0x2000002a   Section       20  stm32f10x_rcc.o(.data)
    ADCPrescTable                            0x2000002a   Data           4  stm32f10x_rcc.o(.data)
    APBAHBPrescTable                         0x2000002e   Data          16  stm32f10x_rcc.o(.data)
    .bss                                     0x20000040   Section      200  usart.o(.bss)
    .bss                                     0x20000108   Section      128  dl_ln3x_recv.o(.bss)
    recv_temp                                0x20000108   Data         128  dl_ln3x_recv.o(.bss)
    .bss                                     0x20000188   Section       64  dl_ln3x_send.o(.bss)
    Send_temp                                0x20000188   Data          64  dl_ln3x_send.o(.bss)
    .bss                                     0x200001c8   Section      200  usart3.o(.bss)
    .bss                                     0x20000290   Section       96  libspace.o(.bss)
    HEAP                                     0x200002f0   Section      512  startup_stm32f10x_hd.o(HEAP)
    Heap_Mem                                 0x200002f0   Data         512  startup_stm32f10x_hd.o(HEAP)
    STACK                                    0x200004f0   Section     1024  startup_stm32f10x_hd.o(STACK)
    Stack_Mem                                0x200004f0   Data        1024  startup_stm32f10x_hd.o(STACK)
    __initial_sp                             0x200008f0   Data           0  startup_stm32f10x_hd.o(STACK)

    Global Symbols

    Symbol Name                              Value     Ov Type        Size  Object(Section)

    BuildAttributes$$THM_ISAv4$P$D$K$B$S$PE$A:L22UL41UL21$X:L11$S22US41US21$IEEE1$IW$USESV6$~STKCKD$USESV7$~SHL$OTIME$ROPI$IEEEJ$EBA8$UX$STANDARDLIB$REQ8$PRES8$EABIv2 0x00000000   Number         0  anon$$obj.o ABSOLUTE
    __ARM_use_no_argv                        0x00000000   Number         0  main.o ABSOLUTE
    _printf_flags                            0x00000000   Number         0  printf_stubs.o ABSOLUTE
    _printf_return_value                     0x00000000   Number         0  printf_stubs.o ABSOLUTE
    _printf_sizespec                         0x00000000   Number         0  printf_stubs.o ABSOLUTE
    _printf_widthprec                        0x00000000   Number         0  printf_stubs.o ABSOLUTE
    __ARM_exceptions_init                     - Undefined Weak Reference
    __alloca_initialize                       - Undefined Weak Reference
    __cpp_initialize__aeabi_                  - Undefined Weak Reference
    __cxa_finalize                            - Undefined Weak Reference
    __sigvec_lookup                           - Undefined Weak Reference
    _atexit_init                              - Undefined Weak Reference
    _call_atexit_fns                          - Undefined Weak Reference
    _clock_init                               - Undefined Weak Reference
    _fp_trap_init                             - Undefined Weak Reference
    _fp_trap_shutdown                         - Undefined Weak Reference
    _get_lc_collate                           - Undefined Weak Reference
    _get_lc_monetary                          - Undefined Weak Reference
    _get_lc_time                              - Undefined Weak Reference
    _getenv_init                              - Undefined Weak Reference
    _handle_redirection                       - Undefined Weak Reference
    _init_alloc                               - Undefined Weak Reference
    _init_user_alloc                          - Undefined Weak Reference
    _initio                                   - Undefined Weak Reference
    _printf_fp_hex                            - Undefined Weak Reference
    _printf_mbtowc                            - Undefined Weak Reference
    _printf_wc                                - Undefined Weak Reference
    _rand_init                                - Undefined Weak Reference
    _signal_finish                            - Undefined Weak Reference
    _signal_init                              - Undefined Weak Reference
    _terminate_alloc                          - Undefined Weak Reference
    _terminate_user_alloc                     - Undefined Weak Reference
    _terminateio                              - Undefined Weak Reference
    __Vectors_Size                           0x00000130   Number         0  startup_stm32f10x_hd.o ABSOLUTE
    __Vectors                                0x08000000   Data           4  startup_stm32f10x_hd.o(RESET)
    __Vectors_End                            0x08000130   Data           0  startup_stm32f10x_hd.o(RESET)
    __main                                   0x08000131   Thumb Code     8  __main.o(!!!main)
    __scatterload                            0x08000139   Thumb Code     0  __scatter.o(!!!scatter)
    __scatterload_rt2                        0x08000139   Thumb Code    44  __scatter.o(!!!scatter)
    __scatterload_rt2_thumb_only             0x08000139   Thumb Code     0  __scatter.o(!!!scatter)
    __scatterload_null                       0x08000147   Thumb Code     0  __scatter.o(!!!scatter)
    __scatterload_copy                       0x0800016d   Thumb Code    26  __scatter_copy.o(!!handler_copy)
    __scatterload_zeroinit                   0x08000189   Thumb Code    28  __scatter_zi.o(!!handler_zi)
    _printf_n                                0x080001a5   Thumb Code     0  _printf_n.o(.ARM.Collect$$_printf_percent$$00000001)
    _printf_percent                          0x080001a5   Thumb Code     0  _printf_percent.o(.ARM.Collect$$_printf_percent$$00000000)
    _printf_p                                0x080001ab   Thumb Code     0  _printf_p.o(.ARM.Collect$$_printf_percent$$00000002)
    _printf_f                                0x080001b1   Thumb Code     0  _printf_f.o(.ARM.Collect$$_printf_percent$$00000003)
    _printf_e                                0x080001b7   Thumb Code     0  _printf_e.o(.ARM.Collect$$_printf_percent$$00000004)
    _printf_g                                0x080001bd   Thumb Code     0  _printf_g.o(.ARM.Collect$$_printf_percent$$00000005)
    _printf_a                                0x080001c3   Thumb Code     0  _printf_a.o(.ARM.Collect$$_printf_percent$$00000006)
    _printf_ll                               0x080001c9   Thumb Code     0  _printf_ll.o(.ARM.Collect$$_printf_percent$$00000007)
    _printf_i                                0x080001d3   Thumb Code     0  _printf_i.o(.ARM.Collect$$_printf_percent$$00000008)
    _printf_d                                0x080001d9   Thumb Code     0  _printf_d.o(.ARM.Collect$$_printf_percent$$00000009)
    _printf_u                                0x080001df   Thumb Code     0  _printf_u.o(.ARM.Collect$$_printf_percent$$0000000A)
    _printf_o                                0x080001e5   Thumb Code     0  _printf_o.o(.ARM.Collect$$_printf_percent$$0000000B)
    _printf_x                                0x080001eb   Thumb Code     0  _printf_x.o(.ARM.Collect$$_printf_percent$$0000000C)
    _printf_lli                              0x080001f1   Thumb Code     0  _printf_lli.o(.ARM.Collect$$_printf_percent$$0000000D)
    _printf_lld                              0x080001f7   Thumb Code     0  _printf_lld.o(.ARM.Collect$$_printf_percent$$0000000E)
    _printf_llu                              0x080001fd   Thumb Code     0  _printf_llu.o(.ARM.Collect$$_printf_percent$$0000000F)
    _printf_llo                              0x08000203   Thumb Code     0  _printf_llo.o(.ARM.Collect$$_printf_percent$$00000010)
    _printf_llx                              0x08000209   Thumb Code     0  _printf_llx.o(.ARM.Collect$$_printf_percent$$00000011)
    _printf_l                                0x0800020f   Thumb Code     0  _printf_l.o(.ARM.Collect$$_printf_percent$$00000012)
    _printf_c                                0x08000219   Thumb Code     0  _printf_c.o(.ARM.Collect$$_printf_percent$$00000013)
    _printf_s                                0x0800021f   Thumb Code     0  _printf_s.o(.ARM.Collect$$_printf_percent$$00000014)
    _printf_lc                               0x08000225   Thumb Code     0  _printf_lc.o(.ARM.Collect$$_printf_percent$$00000015)
    _printf_ls                               0x0800022b   Thumb Code     0  _printf_ls.o(.ARM.Collect$$_printf_percent$$00000016)
    _printf_percent_end                      0x08000231   Thumb Code     0  _printf_percent_end.o(.ARM.Collect$$_printf_percent$$00000017)
    __rt_lib_init                            0x08000235   Thumb Code     0  libinit.o(.ARM.Collect$$libinit$$00000000)
    __rt_lib_init_fp_1                       0x08000237   Thumb Code     0  libinit2.o(.ARM.Collect$$libinit$$00000002)
    __rt_lib_init_heap_1                     0x08000237   Thumb Code     0  libinit2.o(.ARM.Collect$$libinit$$00000008)
    __rt_lib_init_lc_common                  0x08000237   Thumb Code     0  libinit2.o(.ARM.Collect$$libinit$$0000000D)
    __rt_lib_init_rand_1                     0x08000237   Thumb Code     0  libinit2.o(.ARM.Collect$$libinit$$0000000C)
    __rt_lib_init_user_alloc_1               0x08000237   Thumb Code     0  libinit2.o(.ARM.Collect$$libinit$$0000000A)
    __rt_lib_init_lc_collate_1               0x0800023d   Thumb Code     0  libinit2.o(.ARM.Collect$$libinit$$0000000F)
    __rt_lib_init_lc_ctype_2                 0x0800023d   Thumb Code     0  libinit2.o(.ARM.Collect$$libinit$$00000010)
    __rt_lib_init_lc_ctype_1                 0x08000249   Thumb Code     0  libinit2.o(.ARM.Collect$$libinit$$00000011)
    __rt_lib_init_lc_monetary_1              0x08000249   Thumb Code     0  libinit2.o(.ARM.Collect$$libinit$$00000013)
    __rt_lib_init_lc_numeric_2               0x08000249   Thumb Code     0  libinit2.o(.ARM.Collect$$libinit$$00000014)
    __rt_lib_init_alloca_1                   0x08000253   Thumb Code     0  libinit2.o(.ARM.Collect$$libinit$$0000002C)
    __rt_lib_init_argv_1                     0x08000253   Thumb Code     0  libinit2.o(.ARM.Collect$$libinit$$0000002A)
    __rt_lib_init_atexit_1                   0x08000253   Thumb Code     0  libinit2.o(.ARM.Collect$$libinit$$00000019)
    __rt_lib_init_clock_1                    0x08000253   Thumb Code     0  libinit2.o(.ARM.Collect$$libinit$$0000001F)
    __rt_lib_init_cpp_1                      0x08000253   Thumb Code     0  libinit2.o(.ARM.Collect$$libinit$$00000030)
    __rt_lib_init_exceptions_1               0x08000253   Thumb Code     0  libinit2.o(.ARM.Collect$$libinit$$0000002E)
    __rt_lib_init_fp_trap_1                  0x08000253   Thumb Code     0  libinit2.o(.ARM.Collect$$libinit$$0000001D)
    __rt_lib_init_getenv_1                   0x08000253   Thumb Code     0  libinit2.o(.ARM.Collect$$libinit$$00000021)
    __rt_lib_init_lc_numeric_1               0x08000253   Thumb Code     0  libinit2.o(.ARM.Collect$$libinit$$00000015)
    __rt_lib_init_lc_time_1                  0x08000253   Thumb Code     0  libinit2.o(.ARM.Collect$$libinit$$00000017)
    __rt_lib_init_return                     0x08000253   Thumb Code     0  libinit2.o(.ARM.Collect$$libinit$$00000031)
    __rt_lib_init_signal_1                   0x08000253   Thumb Code     0  libinit2.o(.ARM.Collect$$libinit$$0000001B)
    __rt_lib_init_stdio_1                    0x08000253   Thumb Code     0  libinit2.o(.ARM.Collect$$libinit$$00000023)
    __rt_lib_shutdown                        0x08000255   Thumb Code     0  libshutdown.o(.ARM.Collect$$libshutdown$$00000000)
    __rt_lib_shutdown_fp_trap_1              0x08000257   Thumb Code     0  libshutdown2.o(.ARM.Collect$$libshutdown$$00000006)
    __rt_lib_shutdown_heap_1                 0x08000257   Thumb Code     0  libshutdown2.o(.ARM.Collect$$libshutdown$$0000000E)
    __rt_lib_shutdown_return                 0x08000257   Thumb Code     0  libshutdown2.o(.ARM.Collect$$libshutdown$$0000000F)
    __rt_lib_shutdown_signal_1               0x08000257   Thumb Code     0  libshutdown2.o(.ARM.Collect$$libshutdown$$00000009)
    __rt_lib_shutdown_stdio_1                0x08000257   Thumb Code     0  libshutdown2.o(.ARM.Collect$$libshutdown$$00000003)
    __rt_lib_shutdown_user_alloc_1           0x08000257   Thumb Code     0  libshutdown2.o(.ARM.Collect$$libshutdown$$0000000B)
    __rt_entry                               0x08000259   Thumb Code     0  rtentry.o(.ARM.Collect$$rtentry$$00000000)
    __rt_entry_presh_1                       0x08000259   Thumb Code     0  rtentry2.o(.ARM.Collect$$rtentry$$00000002)
    __rt_entry_sh                            0x08000259   Thumb Code     0  rtentry4.o(.ARM.Collect$$rtentry$$00000004)
    __rt_entry_li                            0x0800025f   Thumb Code     0  rtentry2.o(.ARM.Collect$$rtentry$$0000000A)
    __rt_entry_postsh_1                      0x0800025f   Thumb Code     0  rtentry2.o(.ARM.Collect$$rtentry$$00000009)
    __rt_entry_main                          0x08000263   Thumb Code     0  rtentry2.o(.ARM.Collect$$rtentry$$0000000D)
    __rt_entry_postli_1                      0x08000263   Thumb Code     0  rtentry2.o(.ARM.Collect$$rtentry$$0000000C)
    __rt_exit                                0x0800026b   Thumb Code     0  rtexit.o(.ARM.Collect$$rtexit$$00000000)
    __rt_exit_ls                             0x0800026d   Thumb Code     0  rtexit2.o(.ARM.Collect$$rtexit$$00000003)
    __rt_exit_prels_1                        0x0800026d   Thumb Code     0  rtexit2.o(.ARM.Collect$$rtexit$$00000002)
    __rt_exit_exit                           0x08000271   Thumb Code     0  rtexit2.o(.ARM.Collect$$rtexit$$00000004)
    Reset_Handler                            0x08000279   Thumb Code     8  startup_stm32f10x_hd.o(.text)
    ADC1_2_IRQHandler                        0x08000293   Thumb Code     0  startup_stm32f10x_hd.o(.text)
    ADC3_IRQHandler                          0x08000293   Thumb Code     0  startup_stm32f10x_hd.o(.text)
    CAN1_RX1_IRQHandler                      0x08000293   Thumb Code     0  startup_stm32f10x_hd.o(.text)
    CAN1_SCE_IRQHandler                      0x08000293   Thumb Code     0  startup_stm32f10x_hd.o(.text)
    DMA1_Channel1_IRQHandler                 0x08000293   Thumb Code     0  startup_stm32f10x_hd.o(.text)
    DMA1_Channel2_IRQHandler                 0x08000293   Thumb Code     0  startup_stm32f10x_hd.o(.text)
    DMA1_Channel3_IRQHandler                 0x08000293   Thumb Code     0  startup_stm32f10x_hd.o(.text)
    DMA1_Channel4_IRQHandler                 0x08000293   Thumb Code     0  startup_stm32f10x_hd.o(.text)
    DMA1_Channel5_IRQHandler                 0x08000293   Thumb Code     0  startup_stm32f10x_hd.o(.text)
    DMA1_Channel6_IRQHandler                 0x08000293   Thumb Code     0  startup_stm32f10x_hd.o(.text)
    DMA1_Channel7_IRQHandler                 0x08000293   Thumb Code     0  startup_stm32f10x_hd.o(.text)
    DMA2_Channel1_IRQHandler                 0x08000293   Thumb Code     0  startup_stm32f10x_hd.o(.text)
    DMA2_Channel2_IRQHandler                 0x08000293   Thumb Code     0  startup_stm32f10x_hd.o(.text)
    DMA2_Channel3_IRQHandler                 0x08000293   Thumb Code     0  startup_stm32f10x_hd.o(.text)
    DMA2_Channel4_5_IRQHandler               0x08000293   Thumb Code     0  startup_stm32f10x_hd.o(.text)
    EXTI0_IRQHandler                         0x08000293   Thumb Code     0  startup_stm32f10x_hd.o(.text)
    EXTI15_10_IRQHandler                     0x08000293   Thumb Code     0  startup_stm32f10x_hd.o(.text)
    EXTI1_IRQHandler                         0x08000293   Thumb Code     0  startup_stm32f10x_hd.o(.text)
    EXTI2_IRQHandler                         0x08000293   Thumb Code     0  startup_stm32f10x_hd.o(.text)
    EXTI3_IRQHandler                         0x08000293   Thumb Code     0  startup_stm32f10x_hd.o(.text)
    EXTI4_IRQHandler                         0x08000293   Thumb Code     0  startup_stm32f10x_hd.o(.text)
    EXTI9_5_IRQHandler                       0x08000293   Thumb Code     0  startup_stm32f10x_hd.o(.text)
    FLASH_IRQHandler                         0x08000293   Thumb Code     0  startup_stm32f10x_hd.o(.text)
    FSMC_IRQHandler                          0x08000293   Thumb Code     0  startup_stm32f10x_hd.o(.text)
    I2C1_ER_IRQHandler                       0x08000293   Thumb Code     0  startup_stm32f10x_hd.o(.text)
    I2C1_EV_IRQHandler                       0x08000293   Thumb Code     0  startup_stm32f10x_hd.o(.text)
    I2C2_ER_IRQHandler                       0x08000293   Thumb Code     0  startup_stm32f10x_hd.o(.text)
    I2C2_EV_IRQHandler                       0x08000293   Thumb Code     0  startup_stm32f10x_hd.o(.text)
    PVD_IRQHandler                           0x08000293   Thumb Code     0  startup_stm32f10x_hd.o(.text)
    RCC_IRQHandler                           0x08000293   Thumb Code     0  startup_stm32f10x_hd.o(.text)
    RTCAlarm_IRQHandler                      0x08000293   Thumb Code     0  startup_stm32f10x_hd.o(.text)
    RTC_IRQHandler                           0x08000293   Thumb Code     0  startup_stm32f10x_hd.o(.text)
    SDIO_IRQHandler                          0x08000293   Thumb Code     0  startup_stm32f10x_hd.o(.text)
    SPI1_IRQHandler                          0x08000293   Thumb Code     0  startup_stm32f10x_hd.o(.text)
    SPI2_IRQHandler                          0x08000293   Thumb Code     0  startup_stm32f10x_hd.o(.text)
    SPI3_IRQHandler                          0x08000293   Thumb Code     0  startup_stm32f10x_hd.o(.text)
    TAMPER_IRQHandler                        0x08000293   Thumb Code     0  startup_stm32f10x_hd.o(.text)
    TIM1_BRK_IRQHandler                      0x08000293   Thumb Code     0  startup_stm32f10x_hd.o(.text)
    TIM1_CC_IRQHandler                       0x08000293   Thumb Code     0  startup_stm32f10x_hd.o(.text)
    TIM1_TRG_COM_IRQHandler                  0x08000293   Thumb Code     0  startup_stm32f10x_hd.o(.text)
    TIM1_UP_IRQHandler                       0x08000293   Thumb Code     0  startup_stm32f10x_hd.o(.text)
    TIM2_IRQHandler                          0x08000293   Thumb Code     0  startup_stm32f10x_hd.o(.text)
    TIM3_IRQHandler                          0x08000293   Thumb Code     0  startup_stm32f10x_hd.o(.text)
    TIM5_IRQHandler                          0x08000293   Thumb Code     0  startup_stm32f10x_hd.o(.text)
    TIM6_IRQHandler                          0x08000293   Thumb Code     0  startup_stm32f10x_hd.o(.text)
    TIM7_IRQHandler                          0x08000293   Thumb Code     0  startup_stm32f10x_hd.o(.text)
    TIM8_BRK_IRQHandler                      0x08000293   Thumb Code     0  startup_stm32f10x_hd.o(.text)
    TIM8_CC_IRQHandler                       0x08000293   Thumb Code     0  startup_stm32f10x_hd.o(.text)
    TIM8_TRG_COM_IRQHandler                  0x08000293   Thumb Code     0  startup_stm32f10x_hd.o(.text)
    TIM8_UP_IRQHandler                       0x08000293   Thumb Code     0  startup_stm32f10x_hd.o(.text)
    UART4_IRQHandler                         0x08000293   Thumb Code     0  startup_stm32f10x_hd.o(.text)
    UART5_IRQHandler                         0x08000293   Thumb Code     0  startup_stm32f10x_hd.o(.text)
    USART2_IRQHandler                        0x08000293   Thumb Code     0  startup_stm32f10x_hd.o(.text)
    USBWakeUp_IRQHandler                     0x08000293   Thumb Code     0  startup_stm32f10x_hd.o(.text)
    USB_HP_CAN1_TX_IRQHandler                0x08000293   Thumb Code     0  startup_stm32f10x_hd.o(.text)
    USB_LP_CAN1_RX0_IRQHandler               0x08000293   Thumb Code     0  startup_stm32f10x_hd.o(.text)
    WWDG_IRQHandler                          0x08000293   Thumb Code     0  startup_stm32f10x_hd.o(.text)
    __user_initial_stackheap                 0x08000295   Thumb Code     0  startup_stm32f10x_hd.o(.text)
    recievePkg                               0x080002b9   Thumb Code    32  main.o(.text)
    loopReceive                              0x080002d9   Thumb Code    22  main.o(.text)
    loopAll                                  0x080002ef   Thumb Code   132  main.o(.text)
    initAll                                  0x08000373   Thumb Code    38  main.o(.text)
    main                                     0x08000399   Thumb Code     8  main.o(.text)
    NMI_Handler                              0x080003b1   Thumb Code     2  stm32f10x_it.o(.text)
    HardFault_Handler                        0x080003b3   Thumb Code     2  stm32f10x_it.o(.text)
    MemManage_Handler                        0x080003b5   Thumb Code     2  stm32f10x_it.o(.text)
    BusFault_Handler                         0x080003b7   Thumb Code     2  stm32f10x_it.o(.text)
    UsageFault_Handler                       0x080003b9   Thumb Code     2  stm32f10x_it.o(.text)
    SVC_Handler                              0x080003bb   Thumb Code     2  stm32f10x_it.o(.text)
    DebugMon_Handler                         0x080003bd   Thumb Code     2  stm32f10x_it.o(.text)
    PendSV_Handler                           0x080003bf   Thumb Code     2  stm32f10x_it.o(.text)
    SysTick_Handler                          0x080003c1   Thumb Code     2  stm32f10x_it.o(.text)
    SystemInit                               0x08000459   Thumb Code    64  system_stm32f10x.o(.text)
    SystemCoreClockUpdate                    0x08000499   Thumb Code   106  system_stm32f10x.o(.text)
    _sys_exit                                0x08000525   Thumb Code     2  usart.o(.text)
    fputc                                    0x08000527   Thumb Code    18  usart.o(.text)
    uart_init                                0x08000539   Thumb Code   152  usart.o(.text)
    USART1_IRQHandler                        0x080005d1   Thumb Code    92  usart.o(.text)
    delay_init                               0x0800063d   Thumb Code    46  delay.o(.text)
    delay_us                                 0x0800066b   Thumb Code    46  delay.o(.text)
    delay_ms                                 0x08000699   Thumb Code    46  delay.o(.text)
    uartRevieveByte                          0x08000753   Thumb Code    42  dl_ln3x_recv.o(.text)
    getNextPkg                               0x0800077d   Thumb Code    72  dl_ln3x_recv.o(.text)
    uartSendNextByte                         0x080007cd   Thumb Code    58  dl_ln3x_send.o(.text)
    sendPkg                                  0x08000807   Thumb Code    82  dl_ln3x_send.o(.text)
    LED_Init                                 0x08000865   Thumb Code    80  led.o(.text)
    TIM4_IRQHandler                          0x080008c1   Thumb Code    48  timer.o(.text)
    TIM4_Int_Init                            0x080008f1   Thumb Code    90  timer.o(.text)
    USART3_IRQHandler                        0x08000955   Thumb Code    84  usart3.o(.text)
    usart3_init                              0x080009a9   Thumb Code   186  usart3.o(.text)
    u3_printf                                0x08000a63   Thumb Code    74  usart3.o(.text)
    uartSendFirstByte                        0x08000aad   Thumb Code    30  usart3.o(.text)
    NVIC_PriorityGroupConfig                 0x08000ae1   Thumb Code    10  misc.o(.text)
    NVIC_Init                                0x08000aeb   Thumb Code    92  misc.o(.text)
    NVIC_SetVectorTable                      0x08000b47   Thumb Code    14  misc.o(.text)
    NVIC_SystemLPConfig                      0x08000b55   Thumb Code    24  misc.o(.text)
    SysTick_CLKSourceConfig                  0x08000b6d   Thumb Code    28  misc.o(.text)
    GPIO_DeInit                              0x08000b99   Thumb Code   188  stm32f10x_gpio.o(.text)
    GPIO_AFIODeInit                          0x08000c55   Thumb Code    22  stm32f10x_gpio.o(.text)
    GPIO_Init                                0x08000c6b   Thumb Code   162  stm32f10x_gpio.o(.text)
    GPIO_StructInit                          0x08000d0d   Thumb Code    16  stm32f10x_gpio.o(.text)
    GPIO_ReadInputDataBit                    0x08000d1d   Thumb Code    14  stm32f10x_gpio.o(.text)
    GPIO_ReadInputData                       0x08000d2b   Thumb Code     6  stm32f10x_gpio.o(.text)
    GPIO_ReadOutputDataBit                   0x08000d31   Thumb Code    14  stm32f10x_gpio.o(.text)
    GPIO_ReadOutputData                      0x08000d3f   Thumb Code     6  stm32f10x_gpio.o(.text)
    GPIO_SetBits                             0x08000d45   Thumb Code     4  stm32f10x_gpio.o(.text)
    GPIO_ResetBits                           0x08000d49   Thumb Code     4  stm32f10x_gpio.o(.text)
    GPIO_WriteBit                            0x08000d4d   Thumb Code    12  stm32f10x_gpio.o(.text)
    GPIO_Write                               0x08000d59   Thumb Code     4  stm32f10x_gpio.o(.text)
    GPIO_PinLockConfig                       0x08000d5d   Thumb Code    16  stm32f10x_gpio.o(.text)
    GPIO_EventOutputConfig                   0x08000d6d   Thumb Code    22  stm32f10x_gpio.o(.text)
    GPIO_EventOutputCmd                      0x08000d83   Thumb Code     6  stm32f10x_gpio.o(.text)
    GPIO_PinRemapConfig                      0x08000d89   Thumb Code    86  stm32f10x_gpio.o(.text)
    GPIO_EXTILineConfig                      0x08000ddf   Thumb Code    34  stm32f10x_gpio.o(.text)
    GPIO_ETH_MediaInterfaceConfig            0x08000e01   Thumb Code     6  stm32f10x_gpio.o(.text)
    RCC_DeInit                               0x08000e31   Thumb Code    50  stm32f10x_rcc.o(.text)
    RCC_HSEConfig                            0x08000e63   Thumb Code    50  stm32f10x_rcc.o(.text)
    RCC_GetFlagStatus                        0x08000e95   Thumb Code    42  stm32f10x_rcc.o(.text)
    RCC_WaitForHSEStartUp                    0x08000ebf   Thumb Code    40  stm32f10x_rcc.o(.text)
    RCC_AdjustHSICalibrationValue            0x08000ee7   Thumb Code    16  stm32f10x_rcc.o(.text)
    RCC_HSICmd                               0x08000ef7   Thumb Code     6  stm32f10x_rcc.o(.text)
    RCC_PLLConfig                            0x08000efd   Thumb Code    16  stm32f10x_rcc.o(.text)
    RCC_PLLCmd                               0x08000f0d   Thumb Code     6  stm32f10x_rcc.o(.text)
    RCC_SYSCLKConfig                         0x08000f13   Thumb Code    14  stm32f10x_rcc.o(.text)
    RCC_GetSYSCLKSource                      0x08000f21   Thumb Code    10  stm32f10x_rcc.o(.text)
    RCC_HCLKConfig                           0x08000f2b   Thumb Code    14  stm32f10x_rcc.o(.text)
    RCC_PCLK1Config                          0x08000f39   Thumb Code    14  stm32f10x_rcc.o(.text)
    RCC_PCLK2Config                          0x08000f47   Thumb Code    16  stm32f10x_rcc.o(.text)
    RCC_ITConfig                             0x08000f57   Thumb Code    22  stm32f10x_rcc.o(.text)
    RCC_USBCLKConfig                         0x08000f6d   Thumb Code     6  stm32f10x_rcc.o(.text)
    RCC_ADCCLKConfig                         0x08000f73   Thumb Code    14  stm32f10x_rcc.o(.text)
    RCC_LSEConfig                            0x08000f81   Thumb Code    34  stm32f10x_rcc.o(.text)
    RCC_LSICmd                               0x08000fa3   Thumb Code     6  stm32f10x_rcc.o(.text)
    RCC_RTCCLKConfig                         0x08000fa9   Thumb Code    10  stm32f10x_rcc.o(.text)
    RCC_RTCCLKCmd                            0x08000fb3   Thumb Code     8  stm32f10x_rcc.o(.text)
    RCC_GetClocksFreq                        0x08000fbb   Thumb Code   154  stm32f10x_rcc.o(.text)
    RCC_AHBPeriphClockCmd                    0x08001055   Thumb Code    22  stm32f10x_rcc.o(.text)
    RCC_APB2PeriphClockCmd                   0x0800106b   Thumb Code    22  stm32f10x_rcc.o(.text)
    RCC_APB1PeriphClockCmd                   0x08001081   Thumb Code    22  stm32f10x_rcc.o(.text)
    RCC_APB2PeriphResetCmd                   0x08001097   Thumb Code    22  stm32f10x_rcc.o(.text)
    RCC_APB1PeriphResetCmd                   0x080010ad   Thumb Code    22  stm32f10x_rcc.o(.text)
    RCC_BackupResetCmd                       0x080010c3   Thumb Code     8  stm32f10x_rcc.o(.text)
    RCC_ClockSecuritySystemCmd               0x080010cb   Thumb Code     6  stm32f10x_rcc.o(.text)
    RCC_MCOConfig                            0x080010d1   Thumb Code     6  stm32f10x_rcc.o(.text)
    RCC_ClearFlag                            0x080010d7   Thumb Code    12  stm32f10x_rcc.o(.text)
    RCC_GetITStatus                          0x080010e3   Thumb Code    16  stm32f10x_rcc.o(.text)
    RCC_ClearITPendingBit                    0x080010f3   Thumb Code     6  stm32f10x_rcc.o(.text)
    TIM_DeInit                               0x08001121   Thumb Code   464  stm32f10x_tim.o(.text)
    TIM_TimeBaseInit                         0x080012f1   Thumb Code   114  stm32f10x_tim.o(.text)
    TIM_OC1Init                              0x08001363   Thumb Code   114  stm32f10x_tim.o(.text)
    TIM_OC2Init                              0x080013d5   Thumb Code   128  stm32f10x_tim.o(.text)
    TIM_OC3Init                              0x08001455   Thumb Code   124  stm32f10x_tim.o(.text)
    TIM_OC4Init                              0x080014d1   Thumb Code   160  stm32f10x_tim.o(.text)
    TIM_SetIC4Prescaler                      0x08001571   Thumb Code    24  stm32f10x_tim.o(.text)
    TIM_SetIC3Prescaler                      0x080015ef   Thumb Code    16  stm32f10x_tim.o(.text)
    TIM_SetIC2Prescaler                      0x08001661   Thumb Code    24  stm32f10x_tim.o(.text)
    TIM_SetIC1Prescaler                      0x080016df   Thumb Code    16  stm32f10x_tim.o(.text)
    TIM_ICInit                               0x0800174d   Thumb Code   114  stm32f10x_tim.o(.text)
    TIM_PWMIConfig                           0x080017bf   Thumb Code   106  stm32f10x_tim.o(.text)
    TIM_BDTRConfig                           0x08001829   Thumb Code    34  stm32f10x_tim.o(.text)
    TIM_TimeBaseStructInit                   0x0800184b   Thumb Code    18  stm32f10x_tim.o(.text)
    TIM_OCStructInit                         0x0800185d   Thumb Code    20  stm32f10x_tim.o(.text)
    TIM_ICStructInit                         0x08001871   Thumb Code    16  stm32f10x_tim.o(.text)
    TIM_BDTRStructInit                       0x08001881   Thumb Code    18  stm32f10x_tim.o(.text)
    TIM_Cmd                                  0x08001893   Thumb Code    24  stm32f10x_tim.o(.text)
    TIM_CtrlPWMOutputs                       0x080018ab   Thumb Code    28  stm32f10x_tim.o(.text)
    TIM_ITConfig                             0x080018c7   Thumb Code    20  stm32f10x_tim.o(.text)
    TIM_GenerateEvent                        0x080018db   Thumb Code     4  stm32f10x_tim.o(.text)
    TIM_DMAConfig                            0x080018df   Thumb Code     8  stm32f10x_tim.o(.text)
    TIM_DMACmd                               0x080018e7   Thumb Code    20  stm32f10x_tim.o(.text)
    TIM_InternalClockConfig                  0x080018fb   Thumb Code    10  stm32f10x_tim.o(.text)
    TIM_SelectInputTrigger                   0x08001905   Thumb Code    12  stm32f10x_tim.o(.text)
    TIM_ITRxExternalClockConfig              0x08001911   Thumb Code    20  stm32f10x_tim.o(.text)
    TIM_TIxExternalClockConfig               0x08001925   Thumb Code    48  stm32f10x_tim.o(.text)
    TIM_ETRConfig                            0x08001955   Thumb Code    24  stm32f10x_tim.o(.text)
    TIM_ETRClockMode1Config                  0x0800196d   Thumb Code    52  stm32f10x_tim.o(.text)
    TIM_ETRClockMode2Config                  0x080019a1   Thumb Code    20  stm32f10x_tim.o(.text)
    TIM_PrescalerConfig                      0x080019b5   Thumb Code     6  stm32f10x_tim.o(.text)
    TIM_CounterModeConfig                    0x080019bb   Thumb Code    12  stm32f10x_tim.o(.text)
    TIM_EncoderInterfaceConfig               0x080019c7   Thumb Code    50  stm32f10x_tim.o(.text)
    TIM_ForcedOC1Config                      0x080019f9   Thumb Code    12  stm32f10x_tim.o(.text)
    TIM_ForcedOC2Config                      0x08001a05   Thumb Code    20  stm32f10x_tim.o(.text)
    TIM_ForcedOC3Config                      0x08001a19   Thumb Code    12  stm32f10x_tim.o(.text)
    TIM_ForcedOC4Config                      0x08001a25   Thumb Code    20  stm32f10x_tim.o(.text)
    TIM_ARRPreloadConfig                     0x08001a39   Thumb Code    24  stm32f10x_tim.o(.text)
    TIM_SelectCOM                            0x08001a51   Thumb Code    24  stm32f10x_tim.o(.text)
    TIM_SelectCCDMA                          0x08001a69   Thumb Code    24  stm32f10x_tim.o(.text)
    TIM_CCPreloadControl                     0x08001a81   Thumb Code    24  stm32f10x_tim.o(.text)
    TIM_OC1PreloadConfig                     0x08001a99   Thumb Code    12  stm32f10x_tim.o(.text)
    TIM_OC2PreloadConfig                     0x08001aa5   Thumb Code    20  stm32f10x_tim.o(.text)
    TIM_OC3PreloadConfig                     0x08001ab9   Thumb Code    12  stm32f10x_tim.o(.text)
    TIM_OC4PreloadConfig                     0x08001ac5   Thumb Code    20  stm32f10x_tim.o(.text)
    TIM_OC1FastConfig                        0x08001ad9   Thumb Code    12  stm32f10x_tim.o(.text)
    TIM_OC2FastConfig                        0x08001ae5   Thumb Code    20  stm32f10x_tim.o(.text)
    TIM_OC3FastConfig                        0x08001af9   Thumb Code    12  stm32f10x_tim.o(.text)
    TIM_OC4FastConfig                        0x08001b05   Thumb Code    20  stm32f10x_tim.o(.text)
    TIM_ClearOC1Ref                          0x08001b19   Thumb Code    12  stm32f10x_tim.o(.text)
    TIM_ClearOC2Ref                          0x08001b25   Thumb Code    20  stm32f10x_tim.o(.text)
    TIM_ClearOC3Ref                          0x08001b39   Thumb Code    12  stm32f10x_tim.o(.text)
    TIM_ClearOC4Ref                          0x08001b45   Thumb Code    20  stm32f10x_tim.o(.text)
    TIM_OC1PolarityConfig                    0x08001b59   Thumb Code    12  stm32f10x_tim.o(.text)
    TIM_OC1NPolarityConfig                   0x08001b65   Thumb Code    12  stm32f10x_tim.o(.text)
    TIM_OC2PolarityConfig                    0x08001b71   Thumb Code    20  stm32f10x_tim.o(.text)
    TIM_OC2NPolarityConfig                   0x08001b85   Thumb Code    20  stm32f10x_tim.o(.text)
    TIM_OC3PolarityConfig                    0x08001b99   Thumb Code    20  stm32f10x_tim.o(.text)
    TIM_OC3NPolarityConfig                   0x08001bad   Thumb Code    20  stm32f10x_tim.o(.text)
    TIM_OC4PolarityConfig                    0x08001bc1   Thumb Code    20  stm32f10x_tim.o(.text)
    TIM_CCxCmd                               0x08001bd5   Thumb Code    22  stm32f10x_tim.o(.text)
    TIM_CCxNCmd                              0x08001beb   Thumb Code    22  stm32f10x_tim.o(.text)
    TIM_SelectOCxM                           0x08001c01   Thumb Code    76  stm32f10x_tim.o(.text)
    TIM_UpdateDisableConfig                  0x08001c4d   Thumb Code    24  stm32f10x_tim.o(.text)
    TIM_UpdateRequestConfig                  0x08001c65   Thumb Code    24  stm32f10x_tim.o(.text)
    TIM_SelectHallSensor                     0x08001c7d   Thumb Code    24  stm32f10x_tim.o(.text)
    TIM_SelectOnePulseMode                   0x08001c95   Thumb Code    16  stm32f10x_tim.o(.text)
    TIM_SelectOutputTrigger                  0x08001ca5   Thumb Code    16  stm32f10x_tim.o(.text)
    TIM_SelectSlaveMode                      0x08001cb5   Thumb Code    16  stm32f10x_tim.o(.text)
    TIM_SelectMasterSlaveMode                0x08001cc5   Thumb Code    16  stm32f10x_tim.o(.text)
    TIM_SetCounter                           0x08001cd5   Thumb Code     4  stm32f10x_tim.o(.text)
    TIM_SetAutoreload                        0x08001cd9   Thumb Code     4  stm32f10x_tim.o(.text)
    TIM_SetCompare1                          0x08001cdd   Thumb Code     4  stm32f10x_tim.o(.text)
    TIM_SetCompare2                          0x08001ce1   Thumb Code     4  stm32f10x_tim.o(.text)
    TIM_SetCompare3                          0x08001ce5   Thumb Code     4  stm32f10x_tim.o(.text)
    TIM_SetCompare4                          0x08001ce9   Thumb Code     6  stm32f10x_tim.o(.text)
    TIM_SetClockDivision                     0x08001cef   Thumb Code    16  stm32f10x_tim.o(.text)
    TIM_GetCapture1                          0x08001cff   Thumb Code     4  stm32f10x_tim.o(.text)
    TIM_GetCapture2                          0x08001d03   Thumb Code     4  stm32f10x_tim.o(.text)
    TIM_GetCapture3                          0x08001d07   Thumb Code     4  stm32f10x_tim.o(.text)
    TIM_GetCapture4                          0x08001d0b   Thumb Code     6  stm32f10x_tim.o(.text)
    TIM_GetCounter                           0x08001d11   Thumb Code     4  stm32f10x_tim.o(.text)
    TIM_GetPrescaler                         0x08001d15   Thumb Code     4  stm32f10x_tim.o(.text)
    TIM_GetFlagStatus                        0x08001d19   Thumb Code    14  stm32f10x_tim.o(.text)
    TIM_ClearFlag                            0x08001d27   Thumb Code     6  stm32f10x_tim.o(.text)
    TIM_GetITStatus                          0x08001d2d   Thumb Code    24  stm32f10x_tim.o(.text)
    TIM_ClearITPendingBit                    0x08001d45   Thumb Code     6  stm32f10x_tim.o(.text)
    USART_DeInit                             0x08001d4d   Thumb Code   144  stm32f10x_usart.o(.text)
    USART_Init                               0x08001ddd   Thumb Code   182  stm32f10x_usart.o(.text)
    USART_StructInit                         0x08001e93   Thumb Code    22  stm32f10x_usart.o(.text)
    USART_ClockInit                          0x08001ea9   Thumb Code    30  stm32f10x_usart.o(.text)
    USART_ClockStructInit                    0x08001ec7   Thumb Code    12  stm32f10x_usart.o(.text)
    USART_Cmd                                0x08001ed3   Thumb Code    24  stm32f10x_usart.o(.text)
    USART_ITConfig                           0x08001eeb   Thumb Code    54  stm32f10x_usart.o(.text)
    USART_DMACmd                             0x08001f21   Thumb Code    20  stm32f10x_usart.o(.text)
    USART_SetAddress                         0x08001f35   Thumb Code    16  stm32f10x_usart.o(.text)
    USART_WakeUpConfig                       0x08001f45   Thumb Code    16  stm32f10x_usart.o(.text)
    USART_ReceiverWakeUpCmd                  0x08001f55   Thumb Code    24  stm32f10x_usart.o(.text)
    USART_LINBreakDetectLengthConfig         0x08001f6d   Thumb Code    16  stm32f10x_usart.o(.text)
    USART_LINCmd                             0x08001f7d   Thumb Code    24  stm32f10x_usart.o(.text)
    USART_SendData                           0x08001f95   Thumb Code     8  stm32f10x_usart.o(.text)
    USART_ReceiveData                        0x08001f9d   Thumb Code     8  stm32f10x_usart.o(.text)
    USART_SendBreak                          0x08001fa5   Thumb Code    10  stm32f10x_usart.o(.text)
    USART_SetGuardTime                       0x08001faf   Thumb Code    16  stm32f10x_usart.o(.text)
    USART_SetPrescaler                       0x08001fbf   Thumb Code    16  stm32f10x_usart.o(.text)
    USART_SmartCardCmd                       0x08001fcf   Thumb Code    24  stm32f10x_usart.o(.text)
    USART_SmartCardNACKCmd                   0x08001fe7   Thumb Code    24  stm32f10x_usart.o(.text)
    USART_HalfDuplexCmd                      0x08001fff   Thumb Code    24  stm32f10x_usart.o(.text)
    USART_OverSampling8Cmd                   0x08002017   Thumb Code    24  stm32f10x_usart.o(.text)
    USART_OneBitMethodCmd                    0x0800202f   Thumb Code    24  stm32f10x_usart.o(.text)
    USART_IrDAConfig                         0x08002047   Thumb Code    16  stm32f10x_usart.o(.text)
    USART_IrDACmd                            0x08002057   Thumb Code    24  stm32f10x_usart.o(.text)
    USART_GetFlagStatus                      0x0800206f   Thumb Code    14  stm32f10x_usart.o(.text)
    USART_ClearFlag                          0x0800207d   Thumb Code     8  stm32f10x_usart.o(.text)
    USART_GetITStatus                        0x08002085   Thumb Code    64  stm32f10x_usart.o(.text)
    USART_ClearITPendingBit                  0x080020c5   Thumb Code    16  stm32f10x_usart.o(.text)
    __use_no_semihosting                     0x080020e9   Thumb Code     2  use_no_semi_2.o(.text)
    __c89vsprintf                            0x080020ed   Thumb Code    32  c89vsprintf.o(.text)
    strlen                                   0x08002111   Thumb Code    62  strlen.o(.text)
    __use_two_region_memory                  0x0800214f   Thumb Code     2  heapauxi.o(.text)
    __rt_heap_escrow$2region                 0x08002151   Thumb Code     2  heapauxi.o(.text)
    __rt_heap_expand$2region                 0x08002153   Thumb Code     2  heapauxi.o(.text)
    __I$use$semihosting                      0x08002155   Thumb Code     0  use_no_semi.o(.text)
    __use_no_semihosting_swi                 0x08002155   Thumb Code     2  use_no_semi.o(.text)
    _printf_pre_padding                      0x08002157   Thumb Code    46  _printf_pad.o(.text)
    _printf_post_padding                     0x08002185   Thumb Code    36  _printf_pad.o(.text)
    _printf_truncate_signed                  0x080021a9   Thumb Code    18  _printf_truncate.o(.text)
    _printf_truncate_unsigned                0x080021bb   Thumb Code    18  _printf_truncate.o(.text)
    _printf_str                              0x080021cd   Thumb Code    82  _printf_str.o(.text)
    _printf_int_dec                          0x08002221   Thumb Code   102  _printf_dec.o(.text)
    _printf_charcount                        0x08002299   Thumb Code    42  _printf_charcount.o(.text)
    _printf_char_common                      0x080022cf   Thumb Code    32  _printf_char_common.o(.text)
    _sputc                                   0x080022f5   Thumb Code    10  _sputc.o(.text)
    _printf_wctomb                           0x08002301   Thumb Code   182  _printf_wctomb.o(.text)
    _printf_longlong_dec                     0x080023bd   Thumb Code   104  _printf_longlong_dec.o(.text)
    _printf_longlong_oct                     0x08002435   Thumb Code    76  _printf_oct_int_ll.o(.text)
    _printf_int_oct                          0x08002481   Thumb Code    24  _printf_oct_int_ll.o(.text)
    _printf_ll_oct                           0x08002499   Thumb Code    12  _printf_oct_int_ll.o(.text)
    _printf_longlong_hex                     0x080024ad   Thumb Code    92  _printf_hex_int_ll_ptr.o(.text)
    _printf_int_hex                          0x08002509   Thumb Code    28  _printf_hex_int_ll_ptr.o(.text)
    _printf_ll_hex                           0x08002525   Thumb Code    12  _printf_hex_int_ll_ptr.o(.text)
    _printf_hex_ptr                          0x08002531   Thumb Code    18  _printf_hex_int_ll_ptr.o(.text)
    __printf                                 0x08002549   Thumb Code   390  __printf_flags_ss_wp.o(.text)
    _ll_udiv10                               0x080026d5   Thumb Code   138  lludiv10.o(.text)
    _printf_int_common                       0x0800275f   Thumb Code   184  _printf_intcommon.o(.text)
    __lib_sel_fp_printf                      0x08002817   Thumb Code     2  _printf_fp_dec.o(.text)
    _printf_fp_dec_real                      0x080029c3   Thumb Code   628  _printf_fp_dec.o(.text)
    _printf_cs_common                        0x08002c37   Thumb Code    20  _printf_char.o(.text)
    _printf_char                             0x08002c4b   Thumb Code    16  _printf_char.o(.text)
    _printf_string                           0x08002c5b   Thumb Code     8  _printf_char.o(.text)
    _printf_lcs_common                       0x08002c63   Thumb Code    20  _printf_wchar.o(.text)
    _printf_wchar                            0x08002c77   Thumb Code    16  _printf_wchar.o(.text)
    _printf_wstring                          0x08002c87   Thumb Code     8  _printf_wchar.o(.text)
    _wcrtomb                                 0x08002c8f   Thumb Code    64  _wcrtomb.o(.text)
    __user_setup_stackheap                   0x08002ccf   Thumb Code    74  sys_stackheap_outer.o(.text)
    __rt_ctype_table                         0x08002d19   Thumb Code    16  rt_ctype_table.o(.text)
    __rt_locale                              0x08002d29   Thumb Code     8  rt_locale_intlibspace.o(.text)
    _printf_fp_infnan                        0x08002d31   Thumb Code   112  _printf_fp_infnan.o(.text)
    _btod_etento                             0x08002db1   Thumb Code   222  bigflt0.o(.text)
    exit                                     0x08002e95   Thumb Code    12  exit.o(.text)
    __user_libspace                          0x08002ea1   Thumb Code     8  libspace.o(.text)
    __user_perproc_libspace                  0x08002ea1   Thumb Code     0  libspace.o(.text)
    __user_perthread_libspace                0x08002ea1   Thumb Code     0  libspace.o(.text)
    strcmp                                   0x08002ea9   Thumb Code   128  strcmpv7m.o(.text)
    _btod_d2e                                0x08002f29   Thumb Code    62  btod.o(CL$$btod_d2e)
    _d2e_denorm_low                          0x08002f67   Thumb Code    70  btod.o(CL$$btod_d2e_denorm_low)
    _d2e_norm_op1                            0x08002fad   Thumb Code    96  btod.o(CL$$btod_d2e_norm_op1)
    __btod_div_common                        0x0800300d   Thumb Code   696  btod.o(CL$$btod_div_common)
    _e2e                                     0x08003345   Thumb Code   198  btod.o(CL$$btod_e2e)
    _btod_ediv                               0x0800340b   Thumb Code    40  btod.o(CL$$btod_ediv)
    _btod_emul                               0x08003433   Thumb Code    40  btod.o(CL$$btod_emul)
    __btod_mult_common                       0x0800345b   Thumb Code   580  btod.o(CL$$btod_mult_common)
    __ARM_fpclassify                         0x0800369f   Thumb Code    40  fpclassify.o(i.__ARM_fpclassify)
    _is_digit                                0x080036c7   Thumb Code    14  __printf_wp.o(i._is_digit)
    _get_lc_numeric                          0x080036d5   Thumb Code    44  lc_numeric_c.o(locale$$code)
    _get_lc_ctype                            0x08003701   Thumb Code    44  lc_ctype_c.o(locale$$code)
    _printf_fp_dec                           0x0800372d   Thumb Code     4  printf1.o(x$fpl$printf1)
    __I$use$fp                               0x08003730   Number         0  usenofp.o(x$fpl$usenofp)
    Region$$Table$$Base                      0x08003808   Number         0  anon$$obj.o(Region$$Table)
    Region$$Table$$Limit                     0x08003828   Number         0  anon$$obj.o(Region$$Table)
    __ctype                                  0x08003851   Data           0  lc_ctype_c.o(locale$$data)
    THPkg                                    0x20000000   Data           6  main.o(.data)
    SystemCoreClock                          0x20000008   Data           4  system_stm32f10x.o(.data)
    AHBPrescTable                            0x2000000c   Data          16  system_stm32f10x.o(.data)
    USART_RX_STA                             0x2000001c   Data           2  usart.o(.data)
    USART3_RX_STA                            0x20000028   Data           2  usart3.o(.data)
    USART_RX_BUF                             0x20000040   Data         200  usart.o(.bss)
    USART3_RX_BUF                            0x200001c8   Data         100  usart3.o(.bss)
    USART3_TX_BUF                            0x2000022c   Data         100  usart3.o(.bss)
    __libspace_start                         0x20000290   Data          96  libspace.o(.bss)
    __temporary_stack_top$libspace           0x200002f0   Data           0  libspace.o(.bss)



==============================================================================

Memory Map of the image

  Image Entry point : 0x08000131

  Load Region LR_IROM1 (Base: 0x08000000, Size: 0x00003994, Max: 0x00010000, ABSOLUTE)

    Execution Region ER_IROM1 (Base: 0x08000000, Size: 0x00003954, Max: 0x00010000, ABSOLUTE)

    Base Addr    Size         Type   Attr      Idx    E Section Name        Object

    0x08000000   0x00000130   Data   RO           19    RESET               startup_stm32f10x_hd.o
    0x08000130   0x00000008   Code   RO          693  * !!!main             c_w.l(__main.o)
    0x08000138   0x00000034   Code   RO         1043    !!!scatter          c_w.l(__scatter.o)
    0x0800016c   0x0000001a   Code   RO         1045    !!handler_copy      c_w.l(__scatter_copy.o)
    0x08000186   0x00000002   PAD
    0x08000188   0x0000001c   Code   RO         1047    !!handler_zi        c_w.l(__scatter_zi.o)
    0x080001a4   0x00000000   Code   RO          779    .ARM.Collect$$_printf_percent$$00000000  c_w.l(_printf_percent.o)
    0x080001a4   0x00000006   Code   RO          768    .ARM.Collect$$_printf_percent$$00000001  c_w.l(_printf_n.o)
    0x080001aa   0x00000006   Code   RO          770    .ARM.Collect$$_printf_percent$$00000002  c_w.l(_printf_p.o)
    0x080001b0   0x00000006   Code   RO          775    .ARM.Collect$$_printf_percent$$00000003  c_w.l(_printf_f.o)
    0x080001b6   0x00000006   Code   RO          776    .ARM.Collect$$_printf_percent$$00000004  c_w.l(_printf_e.o)
    0x080001bc   0x00000006   Code   RO          777    .ARM.Collect$$_printf_percent$$00000005  c_w.l(_printf_g.o)
    0x080001c2   0x00000006   Code   RO          778    .ARM.Collect$$_printf_percent$$00000006  c_w.l(_printf_a.o)
    0x080001c8   0x0000000a   Code   RO          783    .ARM.Collect$$_printf_percent$$00000007  c_w.l(_printf_ll.o)
    0x080001d2   0x00000006   Code   RO          772    .ARM.Collect$$_printf_percent$$00000008  c_w.l(_printf_i.o)
    0x080001d8   0x00000006   Code   RO          773    .ARM.Collect$$_printf_percent$$00000009  c_w.l(_printf_d.o)
    0x080001de   0x00000006   Code   RO          774    .ARM.Collect$$_printf_percent$$0000000A  c_w.l(_printf_u.o)
    0x080001e4   0x00000006   Code   RO          771    .ARM.Collect$$_printf_percent$$0000000B  c_w.l(_printf_o.o)
    0x080001ea   0x00000006   Code   RO          769    .ARM.Collect$$_printf_percent$$0000000C  c_w.l(_printf_x.o)
    0x080001f0   0x00000006   Code   RO          780    .ARM.Collect$$_printf_percent$$0000000D  c_w.l(_printf_lli.o)
    0x080001f6   0x00000006   Code   RO          781    .ARM.Collect$$_printf_percent$$0000000E  c_w.l(_printf_lld.o)
    0x080001fc   0x00000006   Code   RO          782    .ARM.Collect$$_printf_percent$$0000000F  c_w.l(_printf_llu.o)
    0x08000202   0x00000006   Code   RO          787    .ARM.Collect$$_printf_percent$$00000010  c_w.l(_printf_llo.o)
    0x08000208   0x00000006   Code   RO          788    .ARM.Collect$$_printf_percent$$00000011  c_w.l(_printf_llx.o)
    0x0800020e   0x0000000a   Code   RO          784    .ARM.Collect$$_printf_percent$$00000012  c_w.l(_printf_l.o)
    0x08000218   0x00000006   Code   RO          766    .ARM.Collect$$_printf_percent$$00000013  c_w.l(_printf_c.o)
    0x0800021e   0x00000006   Code   RO          767    .ARM.Collect$$_printf_percent$$00000014  c_w.l(_printf_s.o)
    0x08000224   0x00000006   Code   RO          785    .ARM.Collect$$_printf_percent$$00000015  c_w.l(_printf_lc.o)
    0x0800022a   0x00000006   Code   RO          786    .ARM.Collect$$_printf_percent$$00000016  c_w.l(_printf_ls.o)
    0x08000230   0x00000004   Code   RO          818    .ARM.Collect$$_printf_percent$$00000017  c_w.l(_printf_percent_end.o)
    0x08000234   0x00000002   Code   RO          870    .ARM.Collect$$libinit$$00000000  c_w.l(libinit.o)
    0x08000236   0x00000000   Code   RO          899    .ARM.Collect$$libinit$$00000002  c_w.l(libinit2.o)
    0x08000236   0x00000000   Code   RO          902    .ARM.Collect$$libinit$$00000008  c_w.l(libinit2.o)
    0x08000236   0x00000000   Code   RO          904    .ARM.Collect$$libinit$$0000000A  c_w.l(libinit2.o)
    0x08000236   0x00000000   Code   RO          906    .ARM.Collect$$libinit$$0000000C  c_w.l(libinit2.o)
    0x08000236   0x00000006   Code   RO          907    .ARM.Collect$$libinit$$0000000D  c_w.l(libinit2.o)
    0x0800023c   0x00000000   Code   RO          909    .ARM.Collect$$libinit$$0000000F  c_w.l(libinit2.o)
    0x0800023c   0x0000000c   Code   RO          910    .ARM.Collect$$libinit$$00000010  c_w.l(libinit2.o)
    0x08000248   0x00000000   Code   RO          911    .ARM.Collect$$libinit$$00000011  c_w.l(libinit2.o)
    0x08000248   0x00000000   Code   RO          913    .ARM.Collect$$libinit$$00000013  c_w.l(libinit2.o)
    0x08000248   0x0000000a   Code   RO          914    .ARM.Collect$$libinit$$00000014  c_w.l(libinit2.o)
    0x08000252   0x00000000   Code   RO          915    .ARM.Collect$$libinit$$00000015  c_w.l(libinit2.o)
    0x08000252   0x00000000   Code   RO          917    .ARM.Collect$$libinit$$00000017  c_w.l(libinit2.o)
    0x08000252   0x00000000   Code   RO          919    .ARM.Collect$$libinit$$00000019  c_w.l(libinit2.o)
    0x08000252   0x00000000   Code   RO          921    .ARM.Collect$$libinit$$0000001B  c_w.l(libinit2.o)
    0x08000252   0x00000000   Code   RO          923    .ARM.Collect$$libinit$$0000001D  c_w.l(libinit2.o)
    0x08000252   0x00000000   Code   RO          925    .ARM.Collect$$libinit$$0000001F  c_w.l(libinit2.o)
    0x08000252   0x00000000   Code   RO          927    .ARM.Collect$$libinit$$00000021  c_w.l(libinit2.o)
    0x08000252   0x00000000   Code   RO          929    .ARM.Collect$$libinit$$00000023  c_w.l(libinit2.o)
    0x08000252   0x00000000   Code   RO          933    .ARM.Collect$$libinit$$0000002A  c_w.l(libinit2.o)
    0x08000252   0x00000000   Code   RO          935    .ARM.Collect$$libinit$$0000002C  c_w.l(libinit2.o)
    0x08000252   0x00000000   Code   RO          937    .ARM.Collect$$libinit$$0000002E  c_w.l(libinit2.o)
    0x08000252   0x00000000   Code   RO          939    .ARM.Collect$$libinit$$00000030  c_w.l(libinit2.o)
    0x08000252   0x00000002   Code   RO          940    .ARM.Collect$$libinit$$00000031  c_w.l(libinit2.o)
    0x08000254   0x00000002   Code   RO          986    .ARM.Collect$$libshutdown$$00000000  c_w.l(libshutdown.o)
    0x08000256   0x00000000   Code   RO          997    .ARM.Collect$$libshutdown$$00000003  c_w.l(libshutdown2.o)
    0x08000256   0x00000000   Code   RO         1000    .ARM.Collect$$libshutdown$$00000006  c_w.l(libshutdown2.o)
    0x08000256   0x00000000   Code   RO         1003    .ARM.Collect$$libshutdown$$00000009  c_w.l(libshutdown2.o)
    0x08000256   0x00000000   Code   RO         1005    .ARM.Collect$$libshutdown$$0000000B  c_w.l(libshutdown2.o)
    0x08000256   0x00000000   Code   RO         1008    .ARM.Collect$$libshutdown$$0000000E  c_w.l(libshutdown2.o)
    0x08000256   0x00000002   Code   RO         1009    .ARM.Collect$$libshutdown$$0000000F  c_w.l(libshutdown2.o)
    0x08000258   0x00000000   Code   RO          697    .ARM.Collect$$rtentry$$00000000  c_w.l(rtentry.o)
    0x08000258   0x00000000   Code   RO          792    .ARM.Collect$$rtentry$$00000002  c_w.l(rtentry2.o)
    0x08000258   0x00000006   Code   RO          804    .ARM.Collect$$rtentry$$00000004  c_w.l(rtentry4.o)
    0x0800025e   0x00000000   Code   RO          794    .ARM.Collect$$rtentry$$00000009  c_w.l(rtentry2.o)
    0x0800025e   0x00000004   Code   RO          795    .ARM.Collect$$rtentry$$0000000A  c_w.l(rtentry2.o)
    0x08000262   0x00000000   Code   RO          797    .ARM.Collect$$rtentry$$0000000C  c_w.l(rtentry2.o)
    0x08000262   0x00000008   Code   RO          798    .ARM.Collect$$rtentry$$0000000D  c_w.l(rtentry2.o)
    0x0800026a   0x00000002   Code   RO          879    .ARM.Collect$$rtexit$$00000000  c_w.l(rtexit.o)
    0x0800026c   0x00000000   Code   RO          942    .ARM.Collect$$rtexit$$00000002  c_w.l(rtexit2.o)
    0x0800026c   0x00000004   Code   RO          943    .ARM.Collect$$rtexit$$00000003  c_w.l(rtexit2.o)
    0x08000270   0x00000006   Code   RO          944    .ARM.Collect$$rtexit$$00000004  c_w.l(rtexit2.o)
    0x08000276   0x00000002   PAD
    0x08000278   0x00000040   Code   RO           20    .text               startup_stm32f10x_hd.o
    0x080002b8   0x000000f8   Code   RO           24    .text               main.o
    0x080003b0   0x00000012   Code   RO          165    .text               stm32f10x_it.o
    0x080003c2   0x00000002   PAD
    0x080003c4   0x00000160   Code   RO          206    .text               system_stm32f10x.o
    0x08000524   0x00000118   Code   RO          224    .text               usart.o
    0x0800063c   0x00000098   Code   RO          267    .text               delay.o
    0x080006d4   0x000000f8   Code   RO          284    .text               dl_ln3x_recv.o
    0x080007cc   0x00000098   Code   RO          299    .text               dl_ln3x_send.o
    0x08000864   0x0000005c   Code   RO          345    .text               led.o
    0x080008c0   0x00000094   Code   RO          360    .text               timer.o
    0x08000954   0x0000018c   Code   RO          376    .text               usart3.o
    0x08000ae0   0x000000b8   Code   RO          405    .text               misc.o
    0x08000b98   0x00000298   Code   RO          549    .text               stm32f10x_gpio.o
    0x08000e30   0x000002f0   Code   RO          597    .text               stm32f10x_rcc.o
    0x08001120   0x00000c2a   Code   RO          647    .text               stm32f10x_tim.o
    0x08001d4a   0x00000002   PAD
    0x08001d4c   0x0000039c   Code   RO          659    .text               stm32f10x_usart.o
    0x080020e8   0x00000002   Code   RO          685    .text               c_w.l(use_no_semi_2.o)
    0x080020ea   0x00000002   PAD
    0x080020ec   0x00000024   Code   RO          687    .text               c_w.l(c89vsprintf.o)
    0x08002110   0x0000003e   Code   RO          689    .text               c_w.l(strlen.o)
    0x0800214e   0x00000006   Code   RO          691    .text               c_w.l(heapauxi.o)
    0x08002154   0x00000002   Code   RO          695    .text               c_w.l(use_no_semi.o)
    0x08002156   0x00000052   Code   RO          700    .text               c_w.l(_printf_pad.o)
    0x080021a8   0x00000024   Code   RO          702    .text               c_w.l(_printf_truncate.o)
    0x080021cc   0x00000052   Code   RO          704    .text               c_w.l(_printf_str.o)
    0x0800221e   0x00000002   PAD
    0x08002220   0x00000078   Code   RO          706    .text               c_w.l(_printf_dec.o)
    0x08002298   0x0000002a   Code   RO          708    .text               c_w.l(_printf_charcount.o)
    0x080022c2   0x00000002   PAD
    0x080022c4   0x00000030   Code   RO          710    .text               c_w.l(_printf_char_common.o)
    0x080022f4   0x0000000a   Code   RO          712    .text               c_w.l(_sputc.o)
    0x080022fe   0x00000002   PAD
    0x08002300   0x000000bc   Code   RO          714    .text               c_w.l(_printf_wctomb.o)
    0x080023bc   0x00000078   Code   RO          717    .text               c_w.l(_printf_longlong_dec.o)
    0x08002434   0x00000078   Code   RO          723    .text               c_w.l(_printf_oct_int_ll.o)
    0x080024ac   0x0000009c   Code   RO          743    .text               c_w.l(_printf_hex_int_ll_ptr.o)
    0x08002548   0x0000018c   Code   RO          763    .text               c_w.l(__printf_flags_ss_wp.o)
    0x080026d4   0x0000008a   Code   RO          806    .text               c_w.l(lludiv10.o)
    0x0800275e   0x000000b8   Code   RO          808    .text               c_w.l(_printf_intcommon.o)
    0x08002816   0x00000420   Code   RO          810    .text               c_w.l(_printf_fp_dec.o)
    0x08002c36   0x0000002c   Code   RO          814    .text               c_w.l(_printf_char.o)
    0x08002c62   0x0000002c   Code   RO          816    .text               c_w.l(_printf_wchar.o)
    0x08002c8e   0x00000040   Code   RO          819    .text               c_w.l(_wcrtomb.o)
    0x08002cce   0x0000004a   Code   RO          821    .text               c_w.l(sys_stackheap_outer.o)
    0x08002d18   0x00000010   Code   RO          823    .text               c_w.l(rt_ctype_table.o)
    0x08002d28   0x00000008   Code   RO          828    .text               c_w.l(rt_locale_intlibspace.o)
    0x08002d30   0x00000080   Code   RO          830    .text               c_w.l(_printf_fp_infnan.o)
    0x08002db0   0x000000e4   Code   RO          832    .text               c_w.l(bigflt0.o)
    0x08002e94   0x0000000c   Code   RO          863    .text               c_w.l(exit.o)
    0x08002ea0   0x00000008   Code   RO          876    .text               c_w.l(libspace.o)
    0x08002ea8   0x00000080   Code   RO          896    .text               c_w.l(strcmpv7m.o)
    0x08002f28   0x0000003e   Code   RO          835    CL$$btod_d2e        c_w.l(btod.o)
    0x08002f66   0x00000046   Code   RO          837    CL$$btod_d2e_denorm_low  c_w.l(btod.o)
    0x08002fac   0x00000060   Code   RO          836    CL$$btod_d2e_norm_op1  c_w.l(btod.o)
    0x0800300c   0x00000338   Code   RO          845    CL$$btod_div_common  c_w.l(btod.o)
    0x08003344   0x000000c6   Code   RO          842    CL$$btod_e2e        c_w.l(btod.o)
    0x0800340a   0x00000028   Code   RO          839    CL$$btod_ediv       c_w.l(btod.o)
    0x08003432   0x00000028   Code   RO          838    CL$$btod_emul       c_w.l(btod.o)
    0x0800345a   0x00000244   Code   RO          844    CL$$btod_mult_common  c_w.l(btod.o)
    0x0800369e   0x00000028   Code   RO          874    i.__ARM_fpclassify  m_ws.l(fpclassify.o)
    0x080036c6   0x0000000e   Code   RO          756    i._is_digit         c_w.l(__printf_wp.o)
    0x080036d4   0x0000002c   Code   RO          858    locale$$code        c_w.l(lc_numeric_c.o)
    0x08003700   0x0000002c   Code   RO          891    locale$$code        c_w.l(lc_ctype_c.o)
    0x0800372c   0x00000004   Code   RO          789    x$fpl$printf1       fz_ws.l(printf1.o)
    0x08003730   0x00000000   Code   RO          873    x$fpl$usenofp       fz_ws.l(usenofp.o)
    0x08003730   0x00000008   Data   RO          715    .constdata          c_w.l(_printf_wctomb.o)
    0x08003738   0x00000028   Data   RO          744    .constdata          c_w.l(_printf_hex_int_ll_ptr.o)
    0x08003760   0x00000011   Data   RO          764    .constdata          c_w.l(__printf_flags_ss_wp.o)
    0x08003771   0x00000003   PAD
    0x08003774   0x00000094   Data   RO          833    .constdata          c_w.l(bigflt0.o)
    0x08003808   0x00000020   Data   RO         1041    Region$$Table       anon$$obj.o
    0x08003828   0x0000001c   Data   RO          857    locale$$data        c_w.l(lc_numeric_c.o)
    0x08003844   0x00000110   Data   RO          890    locale$$data        c_w.l(lc_ctype_c.o)


    Execution Region RW_IRAM1 (Base: 0x20000000, Size: 0x000008f0, Max: 0x00005000, ABSOLUTE)

    Base Addr    Size         Type   Attr      Idx    E Section Name        Object

    0x20000000   0x00000006   Data   RW           30    .data               main.o
    0x20000006   0x00000002   PAD
    0x20000008   0x00000014   Data   RW          207    .data               system_stm32f10x.o
    0x2000001c   0x00000002   Data   RW          226    .data               usart.o
    0x2000001e   0x00000004   Data   RW          268    .data               delay.o
    0x20000022   0x00000005   Data   RW          286    .data               dl_ln3x_recv.o
    0x20000027   0x00000001   Data   RW          301    .data               dl_ln3x_send.o
    0x20000028   0x00000002   Data   RW          378    .data               usart3.o
    0x2000002a   0x00000014   Data   RW          598    .data               stm32f10x_rcc.o
    0x2000003e   0x00000002   PAD
    0x20000040   0x000000c8   Zero   RW          225    .bss                usart.o
    0x20000108   0x00000080   Zero   RW          285    .bss                dl_ln3x_recv.o
    0x20000188   0x00000040   Zero   RW          300    .bss                dl_ln3x_send.o
    0x200001c8   0x000000c8   Zero   RW          377    .bss                usart3.o
    0x20000290   0x00000060   Zero   RW          877    .bss                c_w.l(libspace.o)
    0x200002f0   0x00000200   Zero   RW           18    HEAP                startup_stm32f10x_hd.o
    0x200004f0   0x00000400   Zero   RW           17    STACK               startup_stm32f10x_hd.o


==============================================================================

Image component sizes


      Code (inc. data)   RO Data    RW Data    ZI Data      Debug   Object Name

         0          0          0          0          0       4248   core_cm3.o
       152         14          0          4          0        879   delay.o
       248          8          0          5        128       1901   dl_ln3x_recv.o
       152         12          0          1         64       1571   dl_ln3x_send.o
        92         12          0          0          0        359   led.o
       248         16          0          6          0     250502   main.o
       184         16          0          0          0       1797   misc.o
        64         26        304          0       1536        712   startup_stm32f10x_hd.o
       664         42          0          0          0       6045   stm32f10x_gpio.o
        18          0          0          0          0       1094   stm32f10x_it.o
       752         40          0         20          0       9112   stm32f10x_rcc.o
      3114         84          0          0          0      24828   stm32f10x_tim.o
       924         20          0          0          0       8988   stm32f10x_usart.o
       352         34          0         20          0       1603   system_stm32f10x.o
       148         10          0          0          0        728   timer.o
       280         16          0          2        200       2882   usart.o
       396         22          0          2        200       2584   usart3.o

    ----------------------------------------------------------------------
      7792        372        336         64       2128     319833   Object Totals
         0          0         32          0          0          0   (incl. Generated)
         4          0          0          4          0          0   (incl. Padding)

    ----------------------------------------------------------------------

      Code (inc. data)   RO Data    RW Data    ZI Data      Debug   Library Member Name

         8          0          0          0          0         68   __main.o
       396          6         17          0          0         92   __printf_flags_ss_wp.o
        14          0          0          0          0         68   __printf_wp.o
        52          8          0          0          0          0   __scatter.o
        26          0          0          0          0          0   __scatter_copy.o
        28          0          0          0          0          0   __scatter_zi.o
         6          0          0          0          0          0   _printf_a.o
         6          0          0          0          0          0   _printf_c.o
        44          0          0          0          0        108   _printf_char.o
        48          6          0          0          0         96   _printf_char_common.o
        42          0          0          0          0         68   _printf_charcount.o
         6          0          0          0          0          0   _printf_d.o
       120         18          0          0          0         92   _printf_dec.o
         6          0          0          0          0          0   _printf_e.o
         6          0          0          0          0          0   _printf_f.o
      1056          0          0          0          0        212   _printf_fp_dec.o
       128         16          0          0          0         84   _printf_fp_infnan.o
         6          0          0          0          0          0   _printf_g.o
       156          6         40          0          0        160   _printf_hex_int_ll_ptr.o
         6          0          0          0          0          0   _printf_i.o
       184          0          0          0          0         88   _printf_intcommon.o
        10          0          0          0          0          0   _printf_l.o
         6          0          0          0          0          0   _printf_lc.o
        10          0          0          0          0          0   _printf_ll.o
         6          0          0          0          0          0   _printf_lld.o
         6          0          0          0          0          0   _printf_lli.o
         6          0          0          0          0          0   _printf_llo.o
         6          0          0          0          0          0   _printf_llu.o
         6          0          0          0          0          0   _printf_llx.o
       120         16          0          0          0         92   _printf_longlong_dec.o
         6          0          0          0          0          0   _printf_ls.o
         6          0          0          0          0          0   _printf_n.o
         6          0          0          0          0          0   _printf_o.o
       120          8          0          0          0        124   _printf_oct_int_ll.o
         6          0          0          0          0          0   _printf_p.o
        82          0          0          0          0        108   _printf_pad.o
         0          0          0          0          0          0   _printf_percent.o
         4          0          0          0          0          0   _printf_percent_end.o
         6          0          0          0          0          0   _printf_s.o
        82          0          0          0          0         80   _printf_str.o
        36          0          0          0          0         84   _printf_truncate.o
         6          0          0          0          0          0   _printf_u.o
        44          0          0          0          0        108   _printf_wchar.o
       188          6          8          0          0         92   _printf_wctomb.o
         6          0          0          0          0          0   _printf_x.o
        10          0          0          0          0         68   _sputc.o
        64          0          0          0          0         92   _wcrtomb.o
       228          6        148          0          0         96   bigflt0.o
      1910        128          0          0          0        672   btod.o
        36          4          0          0          0         76   c89vsprintf.o
        12          0          0          0          0         72   exit.o
         6          0          0          0          0        152   heapauxi.o
        44         10        272          0          0         76   lc_ctype_c.o
        44         10         28          0          0         76   lc_numeric_c.o
         2          0          0          0          0          0   libinit.o
        30          0          0          0          0          0   libinit2.o
         2          0          0          0          0          0   libshutdown.o
         2          0          0          0          0          0   libshutdown2.o
         8          4          0          0         96         68   libspace.o
       138          0          0          0          0         80   lludiv10.o
        16          4          0          0          0         76   rt_ctype_table.o
         8          4          0          0          0         68   rt_locale_intlibspace.o
         0          0          0          0          0          0   rtentry.o
        12          0          0          0          0          0   rtentry2.o
         6          0          0          0          0          0   rtentry4.o
         2          0          0          0          0          0   rtexit.o
        10          0          0          0          0          0   rtexit2.o
       128          0          0          0          0         68   strcmpv7m.o
        62          0          0          0          0         76   strlen.o
        74          0          0          0          0         80   sys_stackheap_outer.o
         2          0          0          0          0         68   use_no_semi.o
         2          0          0          0          0         68   use_no_semi_2.o
         4          0          0          0          0         68   printf1.o
         0          0          0          0          0          0   usenofp.o
        40          0          0          0          0         68   fpclassify.o

    ----------------------------------------------------------------------
      6032        260        516          0         96       3992   Library Totals
        12          0          3          0          0          0   (incl. Padding)

    ----------------------------------------------------------------------

      Code (inc. data)   RO Data    RW Data    ZI Data      Debug   Library Name

      5976        260        513          0         96       3856   c_w.l
         4          0          0          0          0         68   fz_ws.l
        40          0          0          0          0         68   m_ws.l

    ----------------------------------------------------------------------
      6032        260        516          0         96       3992   Library Totals

    ----------------------------------------------------------------------

==============================================================================


      Code (inc. data)   RO Data    RW Data    ZI Data      Debug   

     13824        632        852         64       2224     319977   Grand Totals
     13824        632        852         64       2224     319977   ELF Image Totals
     13824        632        852         64          0          0   ROM Totals

==============================================================================

    Total RO  Size (Code + RO Data)                14676 (  14.33kB)
    Total RW  Size (RW Data + ZI Data)              2288 (   2.23kB)
    Total ROM Size (Code + RO Data + RW Data)      14740 (  14.39kB)

==============================================================================

